Archive member included to satisfy reference by file (symbol)

c:/program files (x86)/atollic/truestudio for stm32 9.3.0/armtools/bin/../lib/gcc/arm-atollic-eabi/6.3.1/../../../../arm-atollic-eabi/lib/armv7e-m/fpu\libc_nano.a(lib_a-errno.o)
                              Src\syscalls.o (__errno)
c:/program files (x86)/atollic/truestudio for stm32 9.3.0/armtools/bin/../lib/gcc/arm-atollic-eabi/6.3.1/../../../../arm-atollic-eabi/lib/armv7e-m/fpu\libc_nano.a(lib_a-impure.o)
                              Src\main.o (_impure_ptr)
c:/program files (x86)/atollic/truestudio for stm32 9.3.0/armtools/bin/../lib/gcc/arm-atollic-eabi/6.3.1/../../../../arm-atollic-eabi/lib/armv7e-m/fpu\libc_nano.a(lib_a-init.o)
                              startup\startup_stm32f411xe.o (__libc_init_array)
c:/program files (x86)/atollic/truestudio for stm32 9.3.0/armtools/bin/../lib/gcc/arm-atollic-eabi/6.3.1/../../../../arm-atollic-eabi/lib/armv7e-m/fpu\libc_nano.a(lib_a-memset.o)
                              Src\main.o (memset)
c:/program files (x86)/atollic/truestudio for stm32 9.3.0/armtools/bin/../lib/gcc/arm-atollic-eabi/6.3.1/../../../../arm-atollic-eabi/lib/armv7e-m/fpu\libc_nano.a(lib_a-nano-vfprintf_float.o)
                              (_printf_float)
c:/program files (x86)/atollic/truestudio for stm32 9.3.0/armtools/bin/../lib/gcc/arm-atollic-eabi/6.3.1/../../../../arm-atollic-eabi/lib/armv7e-m/fpu\libc_nano.a(lib_a-nano-vfprintf_i.o)
                              c:/program files (x86)/atollic/truestudio for stm32 9.3.0/armtools/bin/../lib/gcc/arm-atollic-eabi/6.3.1/../../../../arm-atollic-eabi/lib/armv7e-m/fpu\libc_nano.a(lib_a-nano-vfprintf_float.o) (_printf_common)
c:/program files (x86)/atollic/truestudio for stm32 9.3.0/armtools/bin/../lib/gcc/arm-atollic-eabi/6.3.1/../../../../arm-atollic-eabi/lib/armv7e-m/fpu\libc_nano.a(lib_a-printf.o)
                              Src\main.o (printf)
c:/program files (x86)/atollic/truestudio for stm32 9.3.0/armtools/bin/../lib/gcc/arm-atollic-eabi/6.3.1/../../../../arm-atollic-eabi/lib/armv7e-m/fpu\libc_nano.a(lib_a-puts.o)
                              Src\main.o (puts)
c:/program files (x86)/atollic/truestudio for stm32 9.3.0/armtools/bin/../lib/gcc/arm-atollic-eabi/6.3.1/../../../../arm-atollic-eabi/lib/armv7e-m/fpu\libc_nano.a(lib_a-setbuf.o)
                              Src\main.o (setbuf)
c:/program files (x86)/atollic/truestudio for stm32 9.3.0/armtools/bin/../lib/gcc/arm-atollic-eabi/6.3.1/../../../../arm-atollic-eabi/lib/armv7e-m/fpu\libc_nano.a(lib_a-setvbuf.o)
                              c:/program files (x86)/atollic/truestudio for stm32 9.3.0/armtools/bin/../lib/gcc/arm-atollic-eabi/6.3.1/../../../../arm-atollic-eabi/lib/armv7e-m/fpu\libc_nano.a(lib_a-setbuf.o) (setvbuf)
c:/program files (x86)/atollic/truestudio for stm32 9.3.0/armtools/bin/../lib/gcc/arm-atollic-eabi/6.3.1/../../../../arm-atollic-eabi/lib/armv7e-m/fpu\libc_nano.a(lib_a-sprintf.o)
                              Drivers\BSP\Nucleo_F411RE\stm32f411re_nucleo_lcd.o (sprintf)
c:/program files (x86)/atollic/truestudio for stm32 9.3.0/armtools/bin/../lib/gcc/arm-atollic-eabi/6.3.1/../../../../arm-atollic-eabi/lib/armv7e-m/fpu\libc_nano.a(lib_a-strcat.o)
                              Src\main.o (strcat)
c:/program files (x86)/atollic/truestudio for stm32 9.3.0/armtools/bin/../lib/gcc/arm-atollic-eabi/6.3.1/../../../../arm-atollic-eabi/lib/armv7e-m/fpu\libc_nano.a(lib_a-strcpy.o)
                              Src\main.o (strcpy)
c:/program files (x86)/atollic/truestudio for stm32 9.3.0/armtools/bin/../lib/gcc/arm-atollic-eabi/6.3.1/../../../../arm-atollic-eabi/lib/armv7e-m/fpu\libc_nano.a(lib_a-strlen.o)
                              Src\main.o (strlen)
c:/program files (x86)/atollic/truestudio for stm32 9.3.0/armtools/bin/../lib/gcc/arm-atollic-eabi/6.3.1/../../../../arm-atollic-eabi/lib/armv7e-m/fpu\libc_nano.a(lib_a-wbuf.o)
                              c:/program files (x86)/atollic/truestudio for stm32 9.3.0/armtools/bin/../lib/gcc/arm-atollic-eabi/6.3.1/../../../../arm-atollic-eabi/lib/armv7e-m/fpu\libc_nano.a(lib_a-puts.o) (__swbuf_r)
c:/program files (x86)/atollic/truestudio for stm32 9.3.0/armtools/bin/../lib/gcc/arm-atollic-eabi/6.3.1/../../../../arm-atollic-eabi/lib/armv7e-m/fpu\libc_nano.a(lib_a-wsetup.o)
                              c:/program files (x86)/atollic/truestudio for stm32 9.3.0/armtools/bin/../lib/gcc/arm-atollic-eabi/6.3.1/../../../../arm-atollic-eabi/lib/armv7e-m/fpu\libc_nano.a(lib_a-puts.o) (__swsetup_r)
c:/program files (x86)/atollic/truestudio for stm32 9.3.0/armtools/bin/../lib/gcc/arm-atollic-eabi/6.3.1/../../../../arm-atollic-eabi/lib/armv7e-m/fpu\libc_nano.a(lib_a-dtoa.o)
                              c:/program files (x86)/atollic/truestudio for stm32 9.3.0/armtools/bin/../lib/gcc/arm-atollic-eabi/6.3.1/../../../../arm-atollic-eabi/lib/armv7e-m/fpu\libc_nano.a(lib_a-nano-vfprintf_float.o) (_dtoa_r)
[...]
Memory Configuration

Name             Origin             Length             Attributes
RAM              0x20000000         0x00020000         xrw
FLASH            0x08008000         0x00078000         xr
*default*        0x00000000         0xffffffff

Linker script and memory map

LOAD c:/program files (x86)/atollic/truestudio for stm32 9.3.0/armtools/bin/../lib/gcc/arm-atollic-eabi/6.3.1/armv7e-m/fpu/crti.o
LOAD c:/program files (x86)/atollic/truestudio for stm32 9.3.0/armtools/bin/../lib/gcc/arm-atollic-eabi/6.3.1/armv7e-m/fpu/crtbegin.o
LOAD Drivers\BSP\Components\uart_tftlcd\uart_tftlcd.o
LOAD Drivers\BSP\Components\uart_touch\uart_touch.o
LOAD Drivers\BSP\Nucleo_F411RE\stm32f411re_nucleo.o
LOAD Drivers\BSP\Nucleo_F411RE\stm32f411re_nucleo_lcd.o
LOAD Drivers\BSP\Nucleo_F411RE\stm32f411re_nucleo_tc.o
LOAD Drivers\STM32F4xx_HAL_Driver\Src\stm32f4xx_hal.o
LOAD Drivers\STM32F4xx_HAL_Driver\Src\stm32f4xx_hal_adc.o
LOAD Drivers\STM32F4xx_HAL_Driver\Src\stm32f4xx_hal_adc_ex.o
LOAD Drivers\STM32F4xx_HAL_Driver\Src\stm32f4xx_hal_cortex.o
LOAD Drivers\STM32F4xx_HAL_Driver\Src\stm32f4xx_hal_dma.o
LOAD Drivers\STM32F4xx_HAL_Driver\Src\stm32f4xx_hal_dma_ex.o
LOAD Drivers\STM32F4xx_HAL_Driver\Src\stm32f4xx_hal_exti.o
LOAD Drivers\STM32F4xx_HAL_Driver\Src\stm32f4xx_hal_flash.o
LOAD Drivers\STM32F4xx_HAL_Driver\Src\stm32f4xx_hal_flash_ex.o
LOAD Drivers\STM32F4xx_HAL_Driver\Src\stm32f4xx_hal_flash_ramfunc.o
LOAD Drivers\STM32F4xx_HAL_Driver\Src\stm32f4xx_hal_gpio.o
LOAD Drivers\STM32F4xx_HAL_Driver\Src\stm32f4xx_hal_pwr.o
LOAD Drivers\STM32F4xx_HAL_Driver\Src\stm32f4xx_hal_pwr_ex.o
LOAD Drivers\STM32F4xx_HAL_Driver\Src\stm32f4xx_hal_rcc.o
LOAD Drivers\STM32F4xx_HAL_Driver\Src\stm32f4xx_hal_rcc_ex.o
LOAD Drivers\STM32F4xx_HAL_Driver\Src\stm32f4xx_hal_tim.o
LOAD Drivers\STM32F4xx_HAL_Driver\Src\stm32f4xx_hal_tim_ex.o
LOAD Drivers\STM32F4xx_HAL_Driver\Src\stm32f4xx_hal_uart.o
LOAD Src\interrupt_callback.o
LOAD Src\main.o
LOAD Src\pinmap.o
LOAD Src\stm32f4xx_hal_msp.o
LOAD Src\stm32f4xx_it.o
LOAD Src\sw_iic.o
LOAD Src\syscalls.o
LOAD Src\system_stm32f4xx.o
LOAD Utilities\Log\lcd_log.o
LOAD startup\startup_stm32f411xe.o
                0x00000080                malloc_getpagesize_P = 0x80
START GROUP
LOAD c:/program files (x86)/atollic/truestudio for stm32 9.3.0/armtools/bin/../lib/gcc/arm-atollic-eabi/6.3.1/../../../../arm-atollic-eabi/lib/armv7e-m/fpu\libc_nano.a
LOAD c:/program files (x86)/atollic/truestudio for stm32 9.3.0/armtools/bin/../lib/gcc/arm-atollic-eabi/6.3.1/../../../../arm-atollic-eabi/lib/armv7e-m/fpu\libm.a
END GROUP
START GROUP
LOAD c:/program files (x86)/atollic/truestudio for stm32 9.3.0/armtools/bin/../lib/gcc/arm-atollic-eabi/6.3.1/armv7e-m/fpu\libgcc.a
LOAD c:/program files (x86)/atollic/truestudio for stm32 9.3.0/armtools/bin/../lib/gcc/arm-atollic-eabi/6.3.1/../../../../arm-atollic-eabi/lib/armv7e-m/fpu\libc_nano.a
END GROUP
START GROUP
LOAD c:/program files (x86)/atollic/truestudio for stm32 9.3.0/armtools/bin/../lib/gcc/arm-atollic-eabi/6.3.1/armv7e-m/fpu\libgcc.a
LOAD c:/program files (x86)/atollic/truestudio for stm32 9.3.0/armtools/bin/../lib/gcc/arm-atollic-eabi/6.3.1/../../../../arm-atollic-eabi/lib/armv7e-m/fpu\libc_nano.a
LOAD c:/program files (x86)/atollic/truestudio for stm32 9.3.0/armtools/bin/../lib/gcc/arm-atollic-eabi/6.3.1/../../../../arm-atollic-eabi/lib/armv7e-m/fpu\libnosys.a
END GROUP
START GROUP
LOAD c:/program files (x86)/atollic/truestudio for stm32 9.3.0/armtools/bin/../lib/gcc/arm-atollic-eabi/6.3.1/armv7e-m/fpu\libgcc.a
LOAD c:/program files (x86)/atollic/truestudio for stm32 9.3.0/armtools/bin/../lib/gcc/arm-atollic-eabi/6.3.1/../../../../arm-atollic-eabi/lib/armv7e-m/fpu\libc_nano.a
LOAD c:/program files (x86)/atollic/truestudio for stm32 9.3.0/armtools/bin/../lib/gcc/arm-atollic-eabi/6.3.1/../../../../arm-atollic-eabi/lib/armv7e-m/fpu\libnosys.a
END GROUP
LOAD c:/program files (x86)/atollic/truestudio for stm32 9.3.0/armtools/bin/../lib/gcc/arm-atollic-eabi/6.3.1/armv7e-m/fpu/crtend.o
LOAD c:/program files (x86)/atollic/truestudio for stm32 9.3.0/armtools/bin/../lib/gcc/arm-atollic-eabi/6.3.1/armv7e-m/fpu/crtn.o
                0x20020000                _estack = 0x20020000
                0x00000200                _Min_Heap_Size = 0x200
                0x00001000                _Min_Stack_Size = 0x1000

.isr_vector     0x08008000      0x198
                0x08008000                . = ALIGN (0x4)
 *(.isr_vector)
 .isr_vector    0x08008000      0x198 startup\startup_stm32f411xe.o
                0x08008000                g_pfnVectors
                0x08008198                . = ALIGN (0x4)

.text           0x080081a0     0x9538
                0x080081a0                . = ALIGN (0x4)
 *(.text)
 .text          0x080081a0       0x40 c:/program files (x86)/atollic/truestudio for stm32 9.3.0/armtools/bin/../lib/gcc/arm-atollic-eabi/6.3.1/armv7e-m/fpu/crtbegin.o
 .text          0x080081e0       0x10 c:/program files (x86)/atollic/truestudio for stm32 9.3.0/armtools/bin/../lib/gcc/arm-atollic-eabi/6.3.1/../../../../arm-atollic-eabi/lib/armv7e-m/fpu\libc_nano.a(lib_a-strlen.o)
                0x080081e0                strlen
 .text          0x080081f0       0xa0 c:/program files (x86)/atollic/truestudio for stm32 9.3.0/armtools/bin/../lib/gcc/arm-atollic-eabi/6.3.1/../../../../arm-atollic-eabi/lib/armv7e-m/fpu\libc_nano.a(lib_a-memchr.o)
                0x080081f0                memchr
 .text          0x08008290      0x370 c:/program files (x86)/atollic/truestudio for stm32 9.3.0/armtools/bin/../lib/gcc/arm-atollic-eabi/6.3.1/armv7e-m/fpu\libgcc.a(_arm_addsubdf3.o)
                0x08008290                __aeabi_drsub
                0x08008298                __aeabi_dsub
                0x08008298                __subdf3
                0x0800829c                __aeabi_dadd
                0x0800829c                __adddf3
                0x08008514                __floatunsidf
                0x08008514                __aeabi_ui2d
                0x08008534                __floatsidf
                0x08008534                __aeabi_i2d
                0x08008558                __aeabi_f2d
                0x08008558                __extendsfdf2
                0x08008594                __floatundidf
                0x08008594                __aeabi_ul2d
                0x080085a4                __floatdidf
                0x080085a4                __aeabi_l2d
 .text          0x08008600      0x424 c:/program files (x86)/atollic/truestudio for stm32 9.3.0/armtools/bin/../lib/gcc/arm-atollic-eabi/6.3.1/armv7e-m/fpu\libgcc.a(_arm_muldivdf3.o)
                0x08008600                __aeabi_dmul
                0x08008600                __muldf3
                0x08008854                __divdf3
                0x08008854                __aeabi_ddiv
 .text          0x08008a24      0x110 c:/program files (x86)/atollic/truestudio for stm32 9.3.0/armtools/bin/../lib/gcc/arm-atollic-eabi/6.3.1/armv7e-m/fpu\libgcc.a(_arm_cmpdf2.o)
                0x08008a24                __gtdf2
                0x08008a24                __gedf2
                0x08008a2c                __ltdf2
                0x08008a2c                __ledf2
                0x08008a34                __nedf2
                0x08008a34                __eqdf2
                0x08008a34                __cmpdf2
                0x08008ab0                __aeabi_cdrcmple
                0x08008ac0                __aeabi_cdcmpeq
                0x08008ac0                __aeabi_cdcmple
                0x08008ad0                __aeabi_dcmpeq
                0x08008ae4                __aeabi_dcmplt
                0x08008af8                __aeabi_dcmple
                0x08008b0c                __aeabi_dcmpge
                0x08008b20                __aeabi_dcmpgt
 .text          0x08008b34       0x2c c:/program files (x86)/atollic/truestudio for stm32 9.3.0/armtools/bin/../lib/gcc/arm-atollic-eabi/6.3.1/armv7e-m/fpu\libgcc.a(_arm_unorddf2.o)
                0x08008b34                __unorddf2
                0x08008b34                __aeabi_dcmpun
 .text          0x08008b60       0x50 c:/program files (x86)/atollic/truestudio for stm32 9.3.0/armtools/bin/../lib/gcc/arm-atollic-eabi/6.3.1/armv7e-m/fpu\libgcc.a(_arm_fixdfsi.o)
                0x08008b60                __aeabi_d2iz
                0x08008b60                __fixdfsi
 .text          0x08008bb0       0xa0 c:/program files (x86)/atollic/truestudio for stm32 9.3.0/armtools/bin/../lib/gcc/arm-atollic-eabi/6.3.1/armv7e-m/fpu\libgcc.a(_arm_truncdfsf2.o)
                0x08008bb0                __truncdfsf2
                0x08008bb0                __aeabi_d2f
 .text          0x08008c50       0x30 c:/program files (x86)/atollic/truestudio for stm32 9.3.0/armtools/bin/../lib/gcc/arm-atollic-eabi/6.3.1/armv7e-m/fpu\libgcc.a(_aeabi_uldivmod.o)
                0x08008c50                __aeabi_uldivmod
 .text          0x08008c80      0x2dc c:/program files (x86)/atollic/truestudio for stm32 9.3.0/armtools/bin/../lib/gcc/arm-atollic-eabi/6.3.1/armv7e-m/fpu\libgcc.a(_udivmoddi4.o)
                0x08008c80                __udivmoddi4
 .text          0x08008f5c        0x4 c:/program files (x86)/atollic/truestudio for stm32 9.3.0/armtools/bin/../lib/gcc/arm-atollic-eabi/6.3.1/armv7e-m/fpu\libgcc.a(_dvmd_tls.o)
                0x08008f5c                __aeabi_idiv0
                0x08008f5c                __aeabi_ldiv0
 *(.text*)
 .text.uart_tftlcd_GetLcdPixelWidth
                0x08008f60        0x6 Drivers\BSP\Components\uart_tftlcd\uart_tftlcd.o
                0x08008f60                uart_tftlcd_GetLcdPixelWidth
 .text.uart_tftlcd_GetLcdPixelHeight
                0x08008f66        0x6 Drivers\BSP\Components\uart_tftlcd\uart_tftlcd.o
                0x08008f66                uart_tftlcd_GetLcdPixelHeight
 .text.uart_tftlcd_Init
                0x08008f6c       0x34 Drivers\BSP\Components\uart_tftlcd\uart_tftlcd.o
                0x08008f6c                uart_tftlcd_Init
 .text.uart_touch_TS_DetectTouch
                0x08008fa0       0x18 Drivers\BSP\Components\uart_touch\uart_touch.o
                0x08008fa0                uart_touch_TS_DetectTouch
 .text.uart_touch_TS_GetXY
                0x08008fb8       0x20 Drivers\BSP\Components\uart_touch\uart_touch.o
                0x08008fb8                uart_touch_TS_GetXY
 .text.BSP_LCD_Init
                0x08008fd8       0x3c Drivers\BSP\Nucleo_F411RE\stm32f411re_nucleo_lcd.o
                0x08008fd8                BSP_LCD_Init
 .text.BSP_LCD_SetTextColor
                0x08009014       0x18 Drivers\BSP\Nucleo_F411RE\stm32f411re_nucleo_lcd.o
                0x08009014                BSP_LCD_SetTextColor
 .text.BSP_LCD_GetXSize
                0x0800902c       0x10 Drivers\BSP\Nucleo_F411RE\stm32f411re_nucleo_lcd.o
                0x0800902c                BSP_LCD_GetXSize
 .text.BSP_LCD_Clear
                0x0800903c       0xa0 Drivers\BSP\Nucleo_F411RE\stm32f411re_nucleo_lcd.o
                0x0800903c                BSP_LCD_Clear
 .text.BSP_LCD_DisplayStringAtLine
                0x080090dc       0xd8 Drivers\BSP\Nucleo_F411RE\stm32f411re_nucleo_lcd.o
                0x080090dc                BSP_LCD_DisplayStringAtLine
 .text.BSP_TS_Init
                0x080091b4       0x14 Drivers\BSP\Nucleo_F411RE\stm32f411re_nucleo_tc.o
                0x080091b4                BSP_TS_Init
 .text.BSP_TS_GetState
                0x080091c8       0x48 Drivers\BSP\Nucleo_F411RE\stm32f411re_nucleo_tc.o
                0x080091c8                BSP_TS_GetState
 .text.HAL_InitTick
                0x08009210       0x48 Drivers\STM32F4xx_HAL_Driver\Src\stm32f4xx_hal.o
                0x08009210                HAL_InitTick
 .text.HAL_Init
                0x08009258       0x34 Drivers\STM32F4xx_HAL_Driver\Src\stm32f4xx_hal.o
                0x08009258                HAL_Init
 .text.HAL_IncTick
                0x0800928c       0x18 Drivers\STM32F4xx_HAL_Driver\Src\stm32f4xx_hal.o
                0x0800928c                HAL_IncTick
 .text.HAL_GetTick
                0x080092a4        0xc Drivers\STM32F4xx_HAL_Driver\Src\stm32f4xx_hal.o
                0x080092a4                HAL_GetTick
 .text.HAL_Delay
                0x080092b0       0x28 Drivers\STM32F4xx_HAL_Driver\Src\stm32f4xx_hal.o
                0x080092b0                HAL_Delay
 .text.HAL_ADC_Init
                0x080092d8      0x14c Drivers\STM32F4xx_HAL_Driver\Src\stm32f4xx_hal_adc.o
                0x080092d8                HAL_ADC_Init
 .text.HAL_ADC_Start
                0x08009424       0xc0 Drivers\STM32F4xx_HAL_Driver\Src\stm32f4xx_hal_adc.o
                0x08009424                HAL_ADC_Start
 .text.HAL_ADC_Stop
                0x080094e4       0x3c Drivers\STM32F4xx_HAL_Driver\Src\stm32f4xx_hal_adc.o
                0x080094e4                HAL_ADC_Stop
 .text.HAL_ADC_PollForConversion
                0x08009520       0xa0 Drivers\STM32F4xx_HAL_Driver\Src\stm32f4xx_hal_adc.o
                0x08009520                HAL_ADC_PollForConversion
 .text.HAL_ADC_GetValue
                0x080095c0        0x6 Drivers\STM32F4xx_HAL_Driver\Src\stm32f4xx_hal_adc.o
                0x080095c0                HAL_ADC_GetValue
 *fill*         0x080095c6        0x2 
 .text.HAL_ADC_ConfigChannel
                0x080095c8      0x144 Drivers\STM32F4xx_HAL_Driver\Src\stm32f4xx_hal_adc.o
                0x080095c8                HAL_ADC_ConfigChannel
 .text.HAL_NVIC_SetPriorityGrouping
                0x0800970c       0x24 Drivers\STM32F4xx_HAL_Driver\Src\stm32f4xx_hal_cortex.o
                0x0800970c                HAL_NVIC_SetPriorityGrouping
 .text.HAL_NVIC_SetPriority
                0x08009730       0x68 Drivers\STM32F4xx_HAL_Driver\Src\stm32f4xx_hal_cortex.o
                0x08009730                HAL_NVIC_SetPriority
 .text.HAL_NVIC_EnableIRQ
                0x08009798       0x1c Drivers\STM32F4xx_HAL_Driver\Src\stm32f4xx_hal_cortex.o
                0x08009798                HAL_NVIC_EnableIRQ
 .text.HAL_SYSTICK_Config
                0x080097b4       0x2c Drivers\STM32F4xx_HAL_Driver\Src\stm32f4xx_hal_cortex.o
                0x080097b4                HAL_SYSTICK_Config
 .text.DMA_CalcBaseAndBitshift
                0x080097e0       0x2c Drivers\STM32F4xx_HAL_Driver\Src\stm32f4xx_hal_dma.o
 .text.HAL_DMA_Init
                0x0800980c       0xfc Drivers\STM32F4xx_HAL_Driver\Src\stm32f4xx_hal_dma.o
                0x0800980c                HAL_DMA_Init
 .text.HAL_DMA_Start_IT
                0x08009908       0x7c Drivers\STM32F4xx_HAL_Driver\Src\stm32f4xx_hal_dma.o
                0x08009908                HAL_DMA_Start_IT
 .text.HAL_DMA_IRQHandler
                0x08009984      0x174 Drivers\STM32F4xx_HAL_Driver\Src\stm32f4xx_hal_dma.o
                0x08009984                HAL_DMA_IRQHandler
 .text.HAL_GPIO_Init
                0x08009af8      0x1ac Drivers\STM32F4xx_HAL_Driver\Src\stm32f4xx_hal_gpio.o
                0x08009af8                HAL_GPIO_Init
 .text.HAL_GPIO_ReadPin
                0x08009ca4        0xc Drivers\STM32F4xx_HAL_Driver\Src\stm32f4xx_hal_gpio.o
                0x08009ca4                HAL_GPIO_ReadPin
 .text.HAL_GPIO_WritePin
                0x08009cb0        0xa Drivers\STM32F4xx_HAL_Driver\Src\stm32f4xx_hal_gpio.o
                0x08009cb0                HAL_GPIO_WritePin
 *fill*         0x08009cba        0x2 
 .text.HAL_GPIO_EXTI_IRQHandler
                0x08009cbc       0x18 Drivers\STM32F4xx_HAL_Driver\Src\stm32f4xx_hal_gpio.o
                0x08009cbc                HAL_GPIO_EXTI_IRQHandler
 .text.HAL_RCC_OscConfig
                0x08009cd4      0x304 Drivers\STM32F4xx_HAL_Driver\Src\stm32f4xx_hal_rcc.o
                0x08009cd4                HAL_RCC_OscConfig
 .text.HAL_RCC_GetSysClockFreq
                0x08009fd8       0x5c Drivers\STM32F4xx_HAL_Driver\Src\stm32f4xx_hal_rcc.o
                0x08009fd8                HAL_RCC_GetSysClockFreq
 .text.HAL_RCC_ClockConfig
                0x0800a034      0x134 Drivers\STM32F4xx_HAL_Driver\Src\stm32f4xx_hal_rcc.o
                0x0800a034                HAL_RCC_ClockConfig
 .text.HAL_RCC_GetPCLK1Freq
                0x0800a168       0x20 Drivers\STM32F4xx_HAL_Driver\Src\stm32f4xx_hal_rcc.o
                0x0800a168                HAL_RCC_GetPCLK1Freq
 .text.HAL_RCC_GetPCLK2Freq
                0x0800a188       0x20 Drivers\STM32F4xx_HAL_Driver\Src\stm32f4xx_hal_rcc.o
                0x0800a188                HAL_RCC_GetPCLK2Freq
 .text.UART_EndRxTransfer
                0x0800a1a8       0x1a Drivers\STM32F4xx_HAL_Driver\Src\stm32f4xx_hal_uart.o
 *fill*         0x0800a1c2        0x2 
 .text.UART_SetConfig
                0x0800a1c4      0x234 Drivers\STM32F4xx_HAL_Driver\Src\stm32f4xx_hal_uart.o
 .text.UART_WaitOnFlagUntilTimeout.constprop.3
                0x0800a3f8       0x50 Drivers\STM32F4xx_HAL_Driver\Src\stm32f4xx_hal_uart.o
 .text.HAL_UART_Init
                0x0800a448       0x5c Drivers\STM32F4xx_HAL_Driver\Src\stm32f4xx_hal_uart.o
                0x0800a448                HAL_UART_Init
 .text.HAL_UART_Transmit
                0x0800a4a4       0xba Drivers\STM32F4xx_HAL_Driver\Src\stm32f4xx_hal_uart.o
                0x0800a4a4                HAL_UART_Transmit
 *fill*         0x0800a55e        0x2 
 .text.HAL_UART_Receive_DMA
                0x0800a560       0x90 Drivers\STM32F4xx_HAL_Driver\Src\stm32f4xx_hal_uart.o
                0x0800a560                HAL_UART_Receive_DMA
 .text.UART_DMAReceiveCplt
                0x0800a5f0       0x38 Drivers\STM32F4xx_HAL_Driver\Src\stm32f4xx_hal_uart.o
 .text.HAL_UART_RxHalfCpltCallback
                0x0800a628        0x2 Drivers\STM32F4xx_HAL_Driver\Src\stm32f4xx_hal_uart.o
                0x0800a628                HAL_UART_RxHalfCpltCallback
 .text.UART_DMARxHalfCplt
                0x0800a62a        0xa Drivers\STM32F4xx_HAL_Driver\Src\stm32f4xx_hal_uart.o
 .text.HAL_UART_ErrorCallback
                0x0800a634        0x2 Drivers\STM32F4xx_HAL_Driver\Src\stm32f4xx_hal_uart.o
                0x0800a634                HAL_UART_ErrorCallback
 .text.UART_DMAError
                0x0800a636       0x4e Drivers\STM32F4xx_HAL_Driver\Src\stm32f4xx_hal_uart.o
 .text.HAL_UART_RxCpltCallback
                0x0800a684       0xc0 Src\interrupt_callback.o
                0x0800a684                HAL_UART_RxCpltCallback
 .text.HAL_GPIO_EXTI_Callback
                0x0800a744       0x24 Src\interrupt_callback.o
                0x0800a744                HAL_GPIO_EXTI_Callback
 .text.OS_Function
                0x0800a768      0x1e0 Src\main.o
 .text.R_Function
                0x0800a948      0x260 Src\main.o
 .text.Fet_spec.part.0
                0x0800aba8       0x2c Src\main.o
 .text.Fet_spec
                0x0800abd4       0x5c Src\main.o
 .text.SystemClock_Config
                0x0800ac30       0x94 Src\main.o
                0x0800ac30                SystemClock_Config
 .text._write   0x0800acc4       0x58 Src\main.o
                0x0800acc4                _write
 .text.Debug_serial
                0x0800ad1c       0x20 Src\main.o
                0x0800ad1c                Debug_serial
 .text.TFT_Serial
                0x0800ad3c       0x54 Src\main.o
                0x0800ad3c                TFT_Serial
 .text.Beep     0x0800ad90       0x3c Src\main.o
                0x0800ad90                Beep
 .text.Result_Display
                0x0800adcc       0xd0 Src\main.o
                0x0800adcc                Result_Display
 .text.system_information
                0x0800ae9c      0x2e4 Src\main.o
                0x0800ae9c                system_information
 .text.Banner_Display
                0x0800b180       0x64 Src\main.o
                0x0800b180                Banner_Display
 .text.Count_Display
                0x0800b1e4      0x214 Src\main.o
                0x0800b1e4                Count_Display
 .text.Touch_Task
                0x0800b3f8      0x330 Src\main.o
                0x0800b3f8                Touch_Task
 .text.Mode_Task
                0x0800b728      0x150 Src\main.o
                0x0800b728                Mode_Task
 .text.Create_DFF_In
                0x0800b878       0x50 Src\main.o
                0x0800b878                Create_DFF_In
 .text.Create_DFF_OUT
                0x0800b8c8       0x50 Src\main.o
                0x0800b8c8                Create_DFF_OUT
 .text.DFF_Init_In
                0x0800b918       0x44 Src\main.o
                0x0800b918                DFF_Init_In
 .text.Vaccum_Push_Set
                0x0800b95c       0x84 Src\main.o
                0x0800b95c                Vaccum_Push_Set
 .text.Start_Task
                0x0800b9e0      0x8b4 Src\main.o
                0x0800b9e0                Start_Task
 .text.Rst_Task
                0x0800c294      0x180 Src\main.o
                0x0800c294                Rst_Task
 .text._delay_ms
                0x0800c414       0x24 Src\main.o
                0x0800c414                _delay_ms
 .text.Auto_Clean
                0x0800c438      0x1b4 Src\main.o
                0x0800c438                Auto_Clean
 .text.Key_input
                0x0800c5ec      0x538 Src\main.o
                0x0800c5ec                Key_input
 .text.Result_Task
                0x0800cb24      0x7e4 Src\main.o
                0x0800cb24                Result_Task
 .text.startup.main
                0x0800d308      0x43c Src\main.o
                0x0800d308                main
 .text.Error_Handler
                0x0800d744        0x2 Src\main.o
                0x0800d744                Error_Handler
 *fill*         0x0800d746        0x2 
 .text.HAL_MspInit
                0x0800d748       0x38 Src\stm32f4xx_hal_msp.o
                0x0800d748                HAL_MspInit
 .text.HAL_ADC_MspInit
                0x0800d780       0x64 Src\stm32f4xx_hal_msp.o
                0x0800d780                HAL_ADC_MspInit
 .text.HAL_UART_MspInit
                0x0800d7e4      0x10c Src\stm32f4xx_hal_msp.o
                0x0800d7e4                HAL_UART_MspInit
 .text.NMI_Handler
                0x0800d8f0        0x2 Src\stm32f4xx_it.o
                0x0800d8f0                NMI_Handler
 .text.HardFault_Handler
                0x0800d8f2        0x2 Src\stm32f4xx_it.o
                0x0800d8f2                HardFault_Handler
 .text.MemManage_Handler
                0x0800d8f4        0x2 Src\stm32f4xx_it.o
                0x0800d8f4                MemManage_Handler
 .text.BusFault_Handler
                0x0800d8f6        0x2 Src\stm32f4xx_it.o
                0x0800d8f6                BusFault_Handler
 .text.UsageFault_Handler
                0x0800d8f8        0x2 Src\stm32f4xx_it.o
                0x0800d8f8                UsageFault_Handler
 .text.SVC_Handler
                0x0800d8fa        0x2 Src\stm32f4xx_it.o
                0x0800d8fa                SVC_Handler
 .text.DebugMon_Handler
                0x0800d8fc        0x2 Src\stm32f4xx_it.o
                0x0800d8fc                DebugMon_Handler
 .text.PendSV_Handler
                0x0800d8fe        0x2 Src\stm32f4xx_it.o
                0x0800d8fe                PendSV_Handler
 .text.SysTick_Handler
                0x0800d900        0x4 Src\stm32f4xx_it.o
                0x0800d900                SysTick_Handler
 .text.DMA1_Stream5_IRQHandler
                0x0800d904        0xc Src\stm32f4xx_it.o
                0x0800d904                DMA1_Stream5_IRQHandler
 .text.EXTI15_10_IRQHandler
                0x0800d910        0x8 Src\stm32f4xx_it.o
                0x0800d910                EXTI15_10_IRQHandler
 .text.DMA2_Stream2_IRQHandler
                0x0800d918        0xc Src\stm32f4xx_it.o
                0x0800d918                DMA2_Stream2_IRQHandler
 .text.iic_delay_us
                0x0800d924       0x10 Src\sw_iic.o
 .text.SDA_OutMode
                0x0800d934       0x1c Src\sw_iic.o
                0x0800d934                SDA_OutMode
 .text.SCL_OutMode
                0x0800d950       0x1c Src\sw_iic.o
                0x0800d950                SCL_OutMode
 .text.SDA_InMode
                0x0800d96c       0x1c Src\sw_iic.o
                0x0800d96c                SDA_InMode
 .text.SCL_InMode
                0x0800d988       0x1c Src\sw_iic.o
                0x0800d988                SCL_InMode
 .text.GPIO_I2CStart
                0x0800d9a4       0x1e Src\sw_iic.o
 .text.GPIO_I2CWriteByte
                0x0800d9c2       0x30 Src\sw_iic.o
 *fill*         0x0800d9f2        0x2 
 .text.GPIO_I2CIsAck
                0x0800d9f4       0x38 Src\sw_iic.o
 .text.GPIO_I2CStop
                0x0800da2c       0x2e Src\sw_iic.o
 *fill*         0x0800da5a        0x2 
 .text.mcp23017_i2c_write
                0x0800da5c       0x68 Src\sw_iic.o
 .text.GPIO_I2CReadByte
                0x0800dac4       0x48 Src\sw_iic.o
 .text.GPIO_I2COutNoAck
                0x0800db0c       0x26 Src\sw_iic.o
 .text.GPIO_I2COutAck
                0x0800db32       0x26 Src\sw_iic.o
 .text.mcp23017_i2c_read.constprop.1
                0x0800db58       0x8c Src\sw_iic.o
 .text.Set_Bit  0x0800dbe4       0x32 Src\sw_iic.o
 .text.Clear_Bit
                0x0800dc16       0x34 Src\sw_iic.o
 *fill*         0x0800dc4a        0x2 
 .text.mcp23017_init
                0x0800dc4c       0xd8 Src\sw_iic.o
                0x0800dc4c                mcp23017_init
 .text.eep_256_burst_write
                0x0800dd24       0x80 Src\sw_iic.o
                0x0800dd24                eep_256_burst_write
 .text.eep_256_burst_read
                0x0800dda4       0xc0 Src\sw_iic.o
                0x0800dda4                eep_256_burst_read
 .text.DFF_Data
                0x0800de64        0xa Src\sw_iic.o
                0x0800de64                DFF_Data
 .text.DFF1     0x0800de6e       0x22 Src\sw_iic.o
                0x0800de6e                DFF1
 .text.DFF2     0x0800de90       0x22 Src\sw_iic.o
                0x0800de90                DFF2
 .text.DFF3     0x0800deb2       0x22 Src\sw_iic.o
                0x0800deb2                DFF3
 .text.DFF4     0x0800ded4       0x22 Src\sw_iic.o
                0x0800ded4                DFF4
 .text.DFF5     0x0800def6       0x22 Src\sw_iic.o
                0x0800def6                DFF5
 .text.DFF6     0x0800df18       0x22 Src\sw_iic.o
                0x0800df18                DFF6
 .text.DFF7     0x0800df3a       0x22 Src\sw_iic.o
                0x0800df3a                DFF7
 .text.DFF8     0x0800df5c       0x22 Src\sw_iic.o
                0x0800df5c                DFF8
 .text.DFF9     0x0800df7e       0x22 Src\sw_iic.o
                0x0800df7e                DFF9
 .text.DFF10    0x0800dfa0       0x22 Src\sw_iic.o
                0x0800dfa0                DFF10
 .text.DFF11    0x0800dfc2       0x22 Src\sw_iic.o
                0x0800dfc2                DFF11
 .text.DFF12    0x0800dfe4       0x22 Src\sw_iic.o
                0x0800dfe4                DFF12
 .text.DFF13    0x0800e006       0x22 Src\sw_iic.o
                0x0800e006                DFF13
 .text.DFF14    0x0800e028       0x22 Src\sw_iic.o
                0x0800e028                DFF14
 .text.DFF15    0x0800e04a       0x22 Src\sw_iic.o
                0x0800e04a                DFF15
 .text.DFF16    0x0800e06c       0x22 Src\sw_iic.o
                0x0800e06c                DFF16
 .text.DFF17    0x0800e08e       0x22 Src\sw_iic.o
                0x0800e08e                DFF17
 .text.DFF18    0x0800e0b0       0x22 Src\sw_iic.o
                0x0800e0b0                DFF18
 .text.DFF19    0x0800e0d2       0x22 Src\sw_iic.o
                0x0800e0d2                DFF19
 .text.DFF20    0x0800e0f4       0x22 Src\sw_iic.o
                0x0800e0f4                DFF20
 .text.DFF21    0x0800e116       0x22 Src\sw_iic.o
                0x0800e116                DFF21
 .text.DFF22    0x0800e138       0x22 Src\sw_iic.o
                0x0800e138                DFF22
 .text.DFF23    0x0800e15a       0x22 Src\sw_iic.o
                0x0800e15a                DFF23
 .text.DFF24    0x0800e17c       0x22 Src\sw_iic.o
                0x0800e17c                DFF24
 .text.DFF25    0x0800e19e       0x22 Src\sw_iic.o
                0x0800e19e                DFF25
 .text.DFF26    0x0800e1c0       0x22 Src\sw_iic.o
                0x0800e1c0                DFF26
 .text.DFF27    0x0800e1e2       0x22 Src\sw_iic.o
                0x0800e1e2                DFF27
 .text.DFF28    0x0800e204       0x22 Src\sw_iic.o
                0x0800e204                DFF28
 .text.DFF29    0x0800e226       0x22 Src\sw_iic.o
                0x0800e226                DFF29
 .text.DFF30    0x0800e248       0x22 Src\sw_iic.o
                0x0800e248                DFF30
 .text.DFF31    0x0800e26a       0x22 Src\sw_iic.o
                0x0800e26a                DFF31
 .text.DFF32    0x0800e28c       0x22 Src\sw_iic.o
                0x0800e28c                DFF32
 .text.DFF33    0x0800e2ae       0x22 Src\sw_iic.o
                0x0800e2ae                DFF33
 .text.DFF34    0x0800e2d0       0x22 Src\sw_iic.o
                0x0800e2d0                DFF34
 .text.DFF35    0x0800e2f2       0x22 Src\sw_iic.o
                0x0800e2f2                DFF35
 .text.DFF36    0x0800e314       0x22 Src\sw_iic.o
                0x0800e314                DFF36
 .text.DFF37    0x0800e336       0x22 Src\sw_iic.o
                0x0800e336                DFF37
 .text.DFF38    0x0800e358       0x22 Src\sw_iic.o
                0x0800e358                DFF38
 .text.DFF39    0x0800e37a       0x22 Src\sw_iic.o
                0x0800e37a                DFF39
 .text.DFF40    0x0800e39c       0x22 Src\sw_iic.o
                0x0800e39c                DFF40
 .text.DFF_GND_Init
                0x0800e3be       0xb0 Src\sw_iic.o
                0x0800e3be                DFF_GND_Init
 .text.DFF_Floating_Init
                0x0800e46e       0xb0 Src\sw_iic.o
                0x0800e46e                DFF_Floating_Init
 .text._read    0x0800e51e       0x1c Src\syscalls.o
                0x0800e51e                _read
 *fill*         0x0800e53a        0x2 
 .text._sbrk    0x0800e53c       0x34 Src\syscalls.o
                0x0800e53c                _sbrk
 .text._close   0x0800e570        0x6 Src\syscalls.o
                0x0800e570                _close
 .text._fstat   0x0800e576        0xa Src\syscalls.o
                0x0800e576                _fstat
 .text._isatty  0x0800e580        0x4 Src\syscalls.o
                0x0800e580                _isatty
 .text._lseek   0x0800e584        0x4 Src\syscalls.o
                0x0800e584                _lseek
 .text.SystemInit
                0x0800e588       0x4c Src\system_stm32f4xx.o
                0x0800e588                SystemInit
 .text.LCD_LOG_DeInit
                0x0800e5d4       0x60 Utilities\Log\lcd_log.o
                0x0800e5d4                LCD_LOG_DeInit
 .text.LCD_LOG_Init
                0x0800e634       0x10 Utilities\Log\lcd_log.o
                0x0800e634                LCD_LOG_Init
 .text.LCD_LOG_UpdateDisplay
                0x0800e644       0x80 Utilities\Log\lcd_log.o
                0x0800e644                LCD_LOG_UpdateDisplay
 .text.__io_putchar
                0x0800e6c4      0x160 Utilities\Log\lcd_log.o
                0x0800e6c4                __io_putchar
 .text.LCD_LOG_ScrollBack
                0x0800e824       0xd4 Utilities\Log\lcd_log.o
                0x0800e824                LCD_LOG_ScrollBack
 .text.LCD_LOG_ScrollForward
                0x0800e8f8       0xa0 Utilities\Log\lcd_log.o
                0x0800e8f8                LCD_LOG_ScrollForward
 .text.Reset_Handler
                0x0800e998       0x50 startup\startup_stm32f411xe.o
                0x0800e998                Reset_Handler
 .text.Default_Handler
                0x0800e9e8        0x2 startup\startup_stm32f411xe.o
                0x0800e9e8                RTC_Alarm_IRQHandler
                0x0800e9e8                EXTI2_IRQHandler
                0x0800e9e8                SPI4_IRQHandler
                0x0800e9e8                TIM1_CC_IRQHandler
                0x0800e9e8                DMA2_Stream5_IRQHandler
                0x0800e9e8                PVD_IRQHandler
                0x0800e9e8                SDIO_IRQHandler
                0x0800e9e8                TAMP_STAMP_IRQHandler
                0x0800e9e8                EXTI3_IRQHandler
                0x0800e9e8                TIM1_UP_TIM10_IRQHandler
                0x0800e9e8                I2C3_ER_IRQHandler
                0x0800e9e8                EXTI0_IRQHandler
                0x0800e9e8                I2C2_EV_IRQHandler
                0x0800e9e8                DMA1_Stream2_IRQHandler
                0x0800e9e8                FPU_IRQHandler
                0x0800e9e8                SPI1_IRQHandler
                0x0800e9e8                TIM1_BRK_TIM9_IRQHandler
                0x0800e9e8                DMA2_Stream3_IRQHandler
                0x0800e9e8                USART6_IRQHandler
                0x0800e9e8                DMA2_Stream0_IRQHandler
                0x0800e9e8                TIM4_IRQHandler
                0x0800e9e8                I2C1_EV_IRQHandler
                0x0800e9e8                DMA1_Stream6_IRQHandler
                0x0800e9e8                DMA1_Stream1_IRQHandler
                0x0800e9e8                TIM3_IRQHandler
                0x0800e9e8                RCC_IRQHandler
                0x0800e9e8                Default_Handler
                0x0800e9e8                ADC_IRQHandler
                0x0800e9e8                DMA1_Stream7_IRQHandler
                0x0800e9e8                SPI5_IRQHandler
                0x0800e9e8                TIM5_IRQHandler
                0x0800e9e8                DMA2_Stream7_IRQHandler
                0x0800e9e8                I2C3_EV_IRQHandler
                0x0800e9e8                EXTI9_5_IRQHandler
                0x0800e9e8                RTC_WKUP_IRQHandler
                0x0800e9e8                SPI2_IRQHandler
                0x0800e9e8                DMA1_Stream0_IRQHandler
                0x0800e9e8                EXTI4_IRQHandler
                0x0800e9e8                WWDG_IRQHandler
                0x0800e9e8                TIM2_IRQHandler
                0x0800e9e8                OTG_FS_WKUP_IRQHandler
                0x0800e9e8                TIM1_TRG_COM_TIM11_IRQHandler
                0x0800e9e8                EXTI1_IRQHandler
                0x0800e9e8                USART2_IRQHandler
                0x0800e9e8                I2C2_ER_IRQHandler
                0x0800e9e8                DMA2_Stream1_IRQHandler
                0x0800e9e8                FLASH_IRQHandler
                0x0800e9e8                DMA2_Stream4_IRQHandler
                0x0800e9e8                USART1_IRQHandler
                0x0800e9e8                OTG_FS_IRQHandler
                0x0800e9e8                SPI3_IRQHandler
                0x0800e9e8                DMA1_Stream4_IRQHandler
                0x0800e9e8                I2C1_ER_IRQHandler
                0x0800e9e8                DMA2_Stream6_IRQHandler
                0x0800e9e8                DMA1_Stream3_IRQHandler
 *fill*         0x0800e9ea        0x2 
 .text.__errno  0x0800e9ec        0xc c:/program files (x86)/atollic/truestudio for stm32 9.3.0/armtools/bin/../lib/gcc/arm-atollic-eabi/6.3.1/../../../../arm-atollic-eabi/lib/armv7e-m/fpu\libc_nano.a(lib_a-errno.o)
                0x0800e9ec                __errno
 .text.__libc_init_array
                0x0800e9f8       0x48 c:/program files (x86)/atollic/truestudio for stm32 9.3.0/armtools/bin/../lib/gcc/arm-atollic-eabi/6.3.1/../../../../arm-atollic-eabi/lib/armv7e-m/fpu\libc_nano.a(lib_a-init.o)
                0x0800e9f8                __libc_init_array
 .text.memset   0x0800ea40       0x10 c:/program files (x86)/atollic/truestudio for stm32 9.3.0/armtools/bin/../lib/gcc/arm-atollic-eabi/6.3.1/../../../../arm-atollic-eabi/lib/armv7e-m/fpu\libc_nano.a(lib_a-memset.o)
                0x0800ea40                memset
 .text.__cvt    0x0800ea50       0xc2 c:/program files (x86)/atollic/truestudio for stm32 9.3.0/armtools/bin/../lib/gcc/arm-atollic-eabi/6.3.1/../../../../arm-atollic-eabi/lib/armv7e-m/fpu\libc_nano.a(lib_a-nano-vfprintf_float.o)
                0x0800ea50                __cvt
 .text.__exponent
                0x0800eb12       0x6a c:/program files (x86)/atollic/truestudio for stm32 9.3.0/armtools/bin/../lib/gcc/arm-atollic-eabi/6.3.1/../../../../arm-atollic-eabi/lib/armv7e-m/fpu\libc_nano.a(lib_a-nano-vfprintf_float.o)
                0x0800eb12                __exponent
 .text._printf_float
                0x0800eb7c      0x480 c:/program files (x86)/atollic/truestudio for stm32 9.3.0/armtools/bin/../lib/gcc/arm-atollic-eabi/6.3.1/../../../../arm-atollic-eabi/lib/armv7e-m/fpu\libc_nano.a(lib_a-nano-vfprintf_float.o)
                0x0800eb7c                _printf_float
 .text._printf_common
                0x0800effc       0xec c:/program files (x86)/atollic/truestudio for stm32 9.3.0/armtools/bin/../lib/gcc/arm-atollic-eabi/6.3.1/../../../../arm-atollic-eabi/lib/armv7e-m/fpu\libc_nano.a(lib_a-nano-vfprintf_i.o)
                0x0800effc                _printf_common
 .text._printf_i
                0x0800f0e8      0x240 c:/program files (x86)/atollic/truestudio for stm32 9.3.0/armtools/bin/../lib/gcc/arm-atollic-eabi/6.3.1/../../../../arm-atollic-eabi/lib/armv7e-m/fpu\libc_nano.a(lib_a-nano-vfprintf_i.o)
                0x0800f0e8                _printf_i
 .text.printf   0x0800f328       0x30 c:/program files (x86)/atollic/truestudio for stm32 9.3.0/armtools/bin/../lib/gcc/arm-atollic-eabi/6.3.1/../../../../arm-atollic-eabi/lib/armv7e-m/fpu\libc_nano.a(lib_a-printf.o)
                0x0800f328                iprintf
                0x0800f328                printf
 .text._puts_r  0x0800f358       0xb8 c:/program files (x86)/atollic/truestudio for stm32 9.3.0/armtools/bin/../lib/gcc/arm-atollic-eabi/6.3.1/../../../../arm-atollic-eabi/lib/armv7e-m/fpu\libc_nano.a(lib_a-puts.o)
                0x0800f358                _puts_r
 .text.puts     0x0800f410       0x10 c:/program files (x86)/atollic/truestudio for stm32 9.3.0/armtools/bin/../lib/gcc/arm-atollic-eabi/6.3.1/../../../../arm-atollic-eabi/lib/armv7e-m/fpu\libc_nano.a(lib_a-puts.o)
                0x0800f410                puts
 .text.setbuf   0x0800f420       0x10 c:/program files (x86)/atollic/truestudio for stm32 9.3.0/armtools/bin/../lib/gcc/arm-atollic-eabi/6.3.1/../../../../arm-atollic-eabi/lib/armv7e-m/fpu\libc_nano.a(lib_a-setbuf.o)
                0x0800f420                setbuf
 .text.setvbuf  0x0800f430      0x15c c:/program files (x86)/atollic/truestudio for stm32 9.3.0/armtools/bin/../lib/gcc/arm-atollic-eabi/6.3.1/../../../../arm-atollic-eabi/lib/armv7e-m/fpu\libc_nano.a(lib_a-setvbuf.o)
                0x0800f430                setvbuf
 .text.sprintf  0x0800f58c       0x48 c:/program files (x86)/atollic/truestudio for stm32 9.3.0/armtools/bin/../lib/gcc/arm-atollic-eabi/6.3.1/../../../../arm-atollic-eabi/lib/armv7e-m/fpu\libc_nano.a(lib_a-sprintf.o)
                0x0800f58c                siprintf
                0x0800f58c                sprintf
 .text.strcat   0x0800f5d4       0x1e c:/program files (x86)/atollic/truestudio for stm32 9.3.0/armtools/bin/../lib/gcc/arm-atollic-eabi/6.3.1/../../../../arm-atollic-eabi/lib/armv7e-m/fpu\libc_nano.a(lib_a-strcat.o)
                0x0800f5d4                strcat
 .text.strcpy   0x0800f5f2       0x10 c:/program files (x86)/atollic/truestudio for stm32 9.3.0/armtools/bin/../lib/gcc/arm-atollic-eabi/6.3.1/../../../../arm-atollic-eabi/lib/armv7e-m/fpu\libc_nano.a(lib_a-strcpy.o)
                0x0800f5f2                strcpy
 *fill*         0x0800f602        0x2 
 .text.__swbuf_r
                0x0800f604       0xa4 c:/program files (x86)/atollic/truestudio for stm32 9.3.0/armtools/bin/../lib/gcc/arm-atollic-eabi/6.3.1/../../../../arm-atollic-eabi/lib/armv7e-m/fpu\libc_nano.a(lib_a-wbuf.o)
                0x0800f604                __swbuf_r
 .text.__swsetup_r
                0x0800f6a8       0xdc c:/program files (x86)/atollic/truestudio for stm32 9.3.0/armtools/bin/../lib/gcc/arm-atollic-eabi/6.3.1/../../../../arm-atollic-eabi/lib/armv7e-m/fpu\libc_nano.a(lib_a-wsetup.o)
                0x0800f6a8                __swsetup_r
 .text.quorem   0x0800f784      0x118 c:/program files (x86)/atollic/truestudio for stm32 9.3.0/armtools/bin/../lib/gcc/arm-atollic-eabi/6.3.1/../../../../arm-atollic-eabi/lib/armv7e-m/fpu\libc_nano.a(lib_a-dtoa.o)
 *fill*         0x0800f89c        0x4 
 .text._dtoa_r  0x0800f8a0      0xb9c c:/program files (x86)/atollic/truestudio for stm32 9.3.0/armtools/bin/../lib/gcc/arm-atollic-eabi/6.3.1/../../../../arm-atollic-eabi/lib/armv7e-m/fpu\libc_nano.a(lib_a-dtoa.o)
                0x0800f8a0                _dtoa_r
 .text.__sflush_r
                0x0801043c      0x110 c:/program files (x86)/atollic/truestudio for stm32 9.3.0/armtools/bin/../lib/gcc/arm-atollic-eabi/6.3.1/../../../../arm-atollic-eabi/lib/armv7e-m/fpu\libc_nano.a(lib_a-fflush.o)
                0x0801043c                __sflush_r
 .text._fflush_r
                0x0801054c       0x54 c:/program files (x86)/atollic/truestudio for stm32 9.3.0/armtools/bin/../lib/gcc/arm-atollic-eabi/6.3.1/../../../../arm-atollic-eabi/lib/armv7e-m/fpu\libc_nano.a(lib_a-fflush.o)
                0x0801054c                _fflush_r
 .text._cleanup_r
                0x080105a0        0xc c:/program files (x86)/atollic/truestudio for stm32 9.3.0/armtools/bin/../lib/gcc/arm-atollic-eabi/6.3.1/../../../../arm-atollic-eabi/lib/armv7e-m/fpu\libc_nano.a(lib_a-findfp.o)
                0x080105a0                _cleanup_r
 .text.std.isra.0
                0x080105ac       0x48 c:/program files (x86)/atollic/truestudio for stm32 9.3.0/armtools/bin/../lib/gcc/arm-atollic-eabi/6.3.1/../../../../arm-atollic-eabi/lib/armv7e-m/fpu\libc_nano.a(lib_a-findfp.o)
 .text.__sfmoreglue
                0x080105f4       0x2c c:/program files (x86)/atollic/truestudio for stm32 9.3.0/armtools/bin/../lib/gcc/arm-atollic-eabi/6.3.1/../../../../arm-atollic-eabi/lib/armv7e-m/fpu\libc_nano.a(lib_a-findfp.o)
                0x080105f4                __sfmoreglue
 .text.__sinit  0x08010620       0x60 c:/program files (x86)/atollic/truestudio for stm32 9.3.0/armtools/bin/../lib/gcc/arm-atollic-eabi/6.3.1/../../../../arm-atollic-eabi/lib/armv7e-m/fpu\libc_nano.a(lib_a-findfp.o)
                0x08010620                __sinit
 .text.__sfp    0x08010680       0x78 c:/program files (x86)/atollic/truestudio for stm32 9.3.0/armtools/bin/../lib/gcc/arm-atollic-eabi/6.3.1/../../../../arm-atollic-eabi/lib/armv7e-m/fpu\libc_nano.a(lib_a-findfp.o)
                0x08010680                __sfp
 .text._fwalk_reent
                0x080106f8       0x3c c:/program files (x86)/atollic/truestudio for stm32 9.3.0/armtools/bin/../lib/gcc/arm-atollic-eabi/6.3.1/../../../../arm-atollic-eabi/lib/armv7e-m/fpu\libc_nano.a(lib_a-fwalk.o)
                0x080106f8                _fwalk_reent
 .text._localeconv_r
                0x08010734       0x1c c:/program files (x86)/atollic/truestudio for stm32 9.3.0/armtools/bin/../lib/gcc/arm-atollic-eabi/6.3.1/../../../../arm-atollic-eabi/lib/armv7e-m/fpu\libc_nano.a(lib_a-localeconv.o)
                0x08010734                _localeconv_r
 .text.__swhatbuf_r
                0x08010750       0x48 c:/program files (x86)/atollic/truestudio for stm32 9.3.0/armtools/bin/../lib/gcc/arm-atollic-eabi/6.3.1/../../../../arm-atollic-eabi/lib/armv7e-m/fpu\libc_nano.a(lib_a-makebuf.o)
                0x08010750                __swhatbuf_r
 .text.__smakebuf_r
                0x08010798       0x80 c:/program files (x86)/atollic/truestudio for stm32 9.3.0/armtools/bin/../lib/gcc/arm-atollic-eabi/6.3.1/../../../../arm-atollic-eabi/lib/armv7e-m/fpu\libc_nano.a(lib_a-makebuf.o)
                0x08010798                __smakebuf_r
 .text.malloc   0x08010818       0x10 c:/program files (x86)/atollic/truestudio for stm32 9.3.0/armtools/bin/../lib/gcc/arm-atollic-eabi/6.3.1/../../../../arm-atollic-eabi/lib/armv7e-m/fpu\libc_nano.a(lib_a-malloc.o)
                0x08010818                malloc
 .text.memcpy   0x08010828       0x16 c:/program files (x86)/atollic/truestudio for stm32 9.3.0/armtools/bin/../lib/gcc/arm-atollic-eabi/6.3.1/../../../../arm-atollic-eabi/lib/armv7e-m/fpu\libc_nano.a(lib_a-memcpy-stub.o)
                0x08010828                memcpy
 .text._Balloc  0x0801083e       0x68 c:/program files (x86)/atollic/truestudio for stm32 9.3.0/armtools/bin/../lib/gcc/arm-atollic-eabi/6.3.1/../../../../arm-atollic-eabi/lib/armv7e-m/fpu\libc_nano.a(lib_a-mprec.o)
                0x0801083e                _Balloc
 .text._Bfree   0x080108a6       0x2e c:/program files (x86)/atollic/truestudio for stm32 9.3.0/armtools/bin/../lib/gcc/arm-atollic-eabi/6.3.1/../../../../arm-atollic-eabi/lib/armv7e-m/fpu\libc_nano.a(lib_a-mprec.o)
                0x080108a6                _Bfree
 .text.__multadd
                0x080108d4       0x76 c:/program files (x86)/atollic/truestudio for stm32 9.3.0/armtools/bin/../lib/gcc/arm-atollic-eabi/6.3.1/../../../../arm-atollic-eabi/lib/armv7e-m/fpu\libc_nano.a(lib_a-mprec.o)
                0x080108d4                __multadd
 .text.__hi0bits
                0x0801094a       0x3e c:/program files (x86)/atollic/truestudio for stm32 9.3.0/armtools/bin/../lib/gcc/arm-atollic-eabi/6.3.1/../../../../arm-atollic-eabi/lib/armv7e-m/fpu\libc_nano.a(lib_a-mprec.o)
                0x0801094a                __hi0bits
 .text.__lo0bits
                0x08010988       0x5e c:/program files (x86)/atollic/truestudio for stm32 9.3.0/armtools/bin/../lib/gcc/arm-atollic-eabi/6.3.1/../../../../arm-atollic-eabi/lib/armv7e-m/fpu\libc_nano.a(lib_a-mprec.o)
                0x08010988                __lo0bits
 .text.__i2b    0x080109e6       0x12 c:/program files (x86)/atollic/truestudio for stm32 9.3.0/armtools/bin/../lib/gcc/arm-atollic-eabi/6.3.1/../../../../arm-atollic-eabi/lib/armv7e-m/fpu\libc_nano.a(lib_a-mprec.o)
                0x080109e6                __i2b
 .text.__multiply
                0x080109f8      0x11a c:/program files (x86)/atollic/truestudio for stm32 9.3.0/armtools/bin/../lib/gcc/arm-atollic-eabi/6.3.1/../../../../arm-atollic-eabi/lib/armv7e-m/fpu\libc_nano.a(lib_a-mprec.o)
                0x080109f8                __multiply
 *fill*         0x08010b12        0x2 
 .text.__pow5mult
                0x08010b14       0x9c c:/program files (x86)/atollic/truestudio for stm32 9.3.0/armtools/bin/../lib/gcc/arm-atollic-eabi/6.3.1/../../../../arm-atollic-eabi/lib/armv7e-m/fpu\libc_nano.a(lib_a-mprec.o)
                0x08010b14                __pow5mult
 .text.__lshift
                0x08010bb0       0xa2 c:/program files (x86)/atollic/truestudio for stm32 9.3.0/armtools/bin/../lib/gcc/arm-atollic-eabi/6.3.1/../../../../arm-atollic-eabi/lib/armv7e-m/fpu\libc_nano.a(lib_a-mprec.o)
                0x08010bb0                __lshift
 .text.__mcmp   0x08010c52       0x34 c:/program files (x86)/atollic/truestudio for stm32 9.3.0/armtools/bin/../lib/gcc/arm-atollic-eabi/6.3.1/../../../../arm-atollic-eabi/lib/armv7e-m/fpu\libc_nano.a(lib_a-mprec.o)
                0x08010c52                __mcmp
 .text.__mdiff  0x08010c86       0xbc c:/program files (x86)/atollic/truestudio for stm32 9.3.0/armtools/bin/../lib/gcc/arm-atollic-eabi/6.3.1/../../../../arm-atollic-eabi/lib/armv7e-m/fpu\libc_nano.a(lib_a-mprec.o)
                0x08010c86                __mdiff
 .text.__d2b    0x08010d42       0x9e c:/program files (x86)/atollic/truestudio for stm32 9.3.0/armtools/bin/../lib/gcc/arm-atollic-eabi/6.3.1/../../../../arm-atollic-eabi/lib/armv7e-m/fpu\libc_nano.a(lib_a-mprec.o)
                0x08010d42                __d2b
 .text._calloc_r
                0x08010de0       0x1c c:/program files (x86)/atollic/truestudio for stm32 9.3.0/armtools/bin/../lib/gcc/arm-atollic-eabi/6.3.1/../../../../arm-atollic-eabi/lib/armv7e-m/fpu\libc_nano.a(lib_a-nano-callocr.o)
                0x08010de0                _calloc_r
 .text._free_r  0x08010dfc       0x9c c:/program files (x86)/atollic/truestudio for stm32 9.3.0/armtools/bin/../lib/gcc/arm-atollic-eabi/6.3.1/../../../../arm-atollic-eabi/lib/armv7e-m/fpu\libc_nano.a(lib_a-nano-freer.o)
                0x08010dfc                _free_r
 .text._malloc_r
                0x08010e98       0xbc c:/program files (x86)/atollic/truestudio for stm32 9.3.0/armtools/bin/../lib/gcc/arm-atollic-eabi/6.3.1/../../../../arm-atollic-eabi/lib/armv7e-m/fpu\libc_nano.a(lib_a-nano-mallocr.o)
                0x08010e98                _malloc_r
 .text.__ssputs_r
                0x08010f54       0xb6 c:/program files (x86)/atollic/truestudio for stm32 9.3.0/armtools/bin/../lib/gcc/arm-atollic-eabi/6.3.1/../../../../arm-atollic-eabi/lib/armv7e-m/fpu\libc_nano.a(lib_a-nano-svfprintf.o)
                0x08010f54                __ssputs_r
 *fill*         0x0801100a        0x2 
 .text._svfprintf_r
                0x0801100c      0x1e8 c:/program files (x86)/atollic/truestudio for stm32 9.3.0/armtools/bin/../lib/gcc/arm-atollic-eabi/6.3.1/../../../../arm-atollic-eabi/lib/armv7e-m/fpu\libc_nano.a(lib_a-nano-svfprintf.o)
                0x0801100c                _svfiprintf_r
                0x0801100c                _svfprintf_r
 .text.__sfputc_r
                0x080111f4       0x30 c:/program files (x86)/atollic/truestudio for stm32 9.3.0/armtools/bin/../lib/gcc/arm-atollic-eabi/6.3.1/../../../../arm-atollic-eabi/lib/armv7e-m/fpu\libc_nano.a(lib_a-nano-vfprintf.o)
 .text.__sfputs_r
                0x08011224       0x24 c:/program files (x86)/atollic/truestudio for stm32 9.3.0/armtools/bin/../lib/gcc/arm-atollic-eabi/6.3.1/../../../../arm-atollic-eabi/lib/armv7e-m/fpu\libc_nano.a(lib_a-nano-vfprintf.o)
                0x08011224                __sfputs_r
 .text._vfprintf_r
                0x08011248      0x22c c:/program files (x86)/atollic/truestudio for stm32 9.3.0/armtools/bin/../lib/gcc/arm-atollic-eabi/6.3.1/../../../../arm-atollic-eabi/lib/armv7e-m/fpu\libc_nano.a(lib_a-nano-vfprintf.o)
                0x08011248                _vfprintf_r
                0x08011248                _vfiprintf_r
 .text._sbrk_r  0x08011474       0x20 c:/program files (x86)/atollic/truestudio for stm32 9.3.0/armtools/bin/../lib/gcc/arm-atollic-eabi/6.3.1/../../../../arm-atollic-eabi/lib/armv7e-m/fpu\libc_nano.a(lib_a-sbrkr.o)
                0x08011474                _sbrk_r
 .text.__sread  0x08011494       0x22 c:/program files (x86)/atollic/truestudio for stm32 9.3.0/armtools/bin/../lib/gcc/arm-atollic-eabi/6.3.1/../../../../arm-atollic-eabi/lib/armv7e-m/fpu\libc_nano.a(lib_a-stdio.o)
                0x08011494                __sread
 .text.__swrite
                0x080114b6       0x38 c:/program files (x86)/atollic/truestudio for stm32 9.3.0/armtools/bin/../lib/gcc/arm-atollic-eabi/6.3.1/../../../../arm-atollic-eabi/lib/armv7e-m/fpu\libc_nano.a(lib_a-stdio.o)
                0x080114b6                __swrite
 .text.__sseek  0x080114ee       0x24 c:/program files (x86)/atollic/truestudio for stm32 9.3.0/armtools/bin/../lib/gcc/arm-atollic-eabi/6.3.1/../../../../arm-atollic-eabi/lib/armv7e-m/fpu\libc_nano.a(lib_a-stdio.o)
                0x080114ee                __sseek
 .text.__sclose
                0x08011512        0x8 c:/program files (x86)/atollic/truestudio for stm32 9.3.0/armtools/bin/../lib/gcc/arm-atollic-eabi/6.3.1/../../../../arm-atollic-eabi/lib/armv7e-m/fpu\libc_nano.a(lib_a-stdio.o)
                0x08011512                __sclose
 *fill*         0x0801151a        0x2 
 .text._write_r
                0x0801151c       0x24 c:/program files (x86)/atollic/truestudio for stm32 9.3.0/armtools/bin/../lib/gcc/arm-atollic-eabi/6.3.1/../../../../arm-atollic-eabi/lib/armv7e-m/fpu\libc_nano.a(lib_a-writer.o)
                0x0801151c                _write_r
 .text._close_r
                0x08011540       0x20 c:/program files (x86)/atollic/truestudio for stm32 9.3.0/armtools/bin/../lib/gcc/arm-atollic-eabi/6.3.1/../../../../arm-atollic-eabi/lib/armv7e-m/fpu\libc_nano.a(lib_a-closer.o)
                0x08011540                _close_r
 .text._fstat_r
                0x08011560       0x24 c:/program files (x86)/atollic/truestudio for stm32 9.3.0/armtools/bin/../lib/gcc/arm-atollic-eabi/6.3.1/../../../../arm-atollic-eabi/lib/armv7e-m/fpu\libc_nano.a(lib_a-fstatr.o)
                0x08011560                _fstat_r
 .text._isatty_r
                0x08011584       0x20 c:/program files (x86)/atollic/truestudio for stm32 9.3.0/armtools/bin/../lib/gcc/arm-atollic-eabi/6.3.1/../../../../arm-atollic-eabi/lib/armv7e-m/fpu\libc_nano.a(lib_a-isattyr.o)
                0x08011584                _isatty_r
 .text._lseek_r
                0x080115a4       0x24 c:/program files (x86)/atollic/truestudio for stm32 9.3.0/armtools/bin/../lib/gcc/arm-atollic-eabi/6.3.1/../../../../arm-atollic-eabi/lib/armv7e-m/fpu\libc_nano.a(lib_a-lseekr.o)
                0x080115a4                _lseek_r
 .text.__ascii_mbtowc
                0x080115c8       0x24 c:/program files (x86)/atollic/truestudio for stm32 9.3.0/armtools/bin/../lib/gcc/arm-atollic-eabi/6.3.1/../../../../arm-atollic-eabi/lib/armv7e-m/fpu\libc_nano.a(lib_a-mbtowc_r.o)
                0x080115c8                __ascii_mbtowc
 .text.memmove  0x080115ec       0x34 c:/program files (x86)/atollic/truestudio for stm32 9.3.0/armtools/bin/../lib/gcc/arm-atollic-eabi/6.3.1/../../../../arm-atollic-eabi/lib/armv7e-m/fpu\libc_nano.a(lib_a-memmove.o)
                0x080115ec                memmove
 .text.__malloc_lock
                0x08011620        0x2 c:/program files (x86)/atollic/truestudio for stm32 9.3.0/armtools/bin/../lib/gcc/arm-atollic-eabi/6.3.1/../../../../arm-atollic-eabi/lib/armv7e-m/fpu\libc_nano.a(lib_a-mlock.o)
                0x08011620                __malloc_lock
 .text.__malloc_unlock
                0x08011622        0x2 c:/program files (x86)/atollic/truestudio for stm32 9.3.0/armtools/bin/../lib/gcc/arm-atollic-eabi/6.3.1/../../../../arm-atollic-eabi/lib/armv7e-m/fpu\libc_nano.a(lib_a-mlock.o)
                0x08011622                __malloc_unlock
 .text._realloc_r
                0x08011624       0x4c c:/program files (x86)/atollic/truestudio for stm32 9.3.0/armtools/bin/../lib/gcc/arm-atollic-eabi/6.3.1/../../../../arm-atollic-eabi/lib/armv7e-m/fpu\libc_nano.a(lib_a-nano-reallocr.o)
                0x08011624                _realloc_r
 .text._read_r  0x08011670       0x24 c:/program files (x86)/atollic/truestudio for stm32 9.3.0/armtools/bin/../lib/gcc/arm-atollic-eabi/6.3.1/../../../../arm-atollic-eabi/lib/armv7e-m/fpu\libc_nano.a(lib_a-readr.o)
                0x08011670                _read_r
 .text.__ascii_wctomb
                0x08011694       0x1a c:/program files (x86)/atollic/truestudio for stm32 9.3.0/armtools/bin/../lib/gcc/arm-atollic-eabi/6.3.1/../../../../arm-atollic-eabi/lib/armv7e-m/fpu\libc_nano.a(lib_a-wctomb_r.o)
                0x08011694                __ascii_wctomb
 .text._malloc_usable_size_r
                0x080116ae       0x12 c:/program files (x86)/atollic/truestudio for stm32 9.3.0/armtools/bin/../lib/gcc/arm-atollic-eabi/6.3.1/../../../../arm-atollic-eabi/lib/armv7e-m/fpu\libc_nano.a(lib_a-nano-msizer.o)
                0x080116ae                _malloc_usable_size_r
 *(.glue_7)
 .glue_7        0x080116c0        0x0 linker stubs
 *(.glue_7t)
 .glue_7t       0x080116c0        0x0 linker stubs
 *(.eh_frame)
 .eh_frame      0x080116c0        0x0 c:/program files (x86)/atollic/truestudio for stm32 9.3.0/armtools/bin/../lib/gcc/arm-atollic-eabi/6.3.1/armv7e-m/fpu/crtbegin.o
 *(.init)
 .init          0x080116c0        0x4 c:/program files (x86)/atollic/truestudio for stm32 9.3.0/armtools/bin/../lib/gcc/arm-atollic-eabi/6.3.1/armv7e-m/fpu/crti.o
                0x080116c0                _init
 .init          0x080116c4        0x8 c:/program files (x86)/atollic/truestudio for stm32 9.3.0/armtools/bin/../lib/gcc/arm-atollic-eabi/6.3.1/armv7e-m/fpu/crtn.o
 *(.fini)
 .fini          0x080116cc        0x4 c:/program files (x86)/atollic/truestudio for stm32 9.3.0/armtools/bin/../lib/gcc/arm-atollic-eabi/6.3.1/armv7e-m/fpu/crti.o
                0x080116cc                _fini
 .fini          0x080116d0        0x8 c:/program files (x86)/atollic/truestudio for stm32 9.3.0/armtools/bin/../lib/gcc/arm-atollic-eabi/6.3.1/armv7e-m/fpu/crtn.o
                0x080116d8                . = ALIGN (0x4)
                0x080116d8                _etext = .

.vfp11_veneer   0x080116d8        0x0
 .vfp11_veneer  0x080116d8        0x0 linker stubs

.v4_bx          0x080116d8        0x0
 .v4_bx         0x080116d8        0x0 linker stubs

.iplt           0x080116d8        0x0
 .iplt          0x080116d8        0x0 c:/program files (x86)/atollic/truestudio for stm32 9.3.0/armtools/bin/../lib/gcc/arm-atollic-eabi/6.3.1/armv7e-m/fpu/crtbegin.o

.rodata         0x080116d8     0x1284
                0x080116d8                . = ALIGN (0x4)
 *(.rodata)
 .rodata        0x080116d8        0x3 Src\main.o
 *(.rodata*)
 .rodata.uart_tftlcd_Init.str1.1
                0x080116db        0xf Drivers\BSP\Components\uart_tftlcd\uart_tftlcd.o
 .rodata.BSP_LCD_Clear.str1.1
                0x080116ea       0x1c Drivers\BSP\Nucleo_F411RE\stm32f411re_nucleo_lcd.o
 .rodata.BSP_LCD_ClearStringLine.str1.1
                0x08011706       0x1a Drivers\BSP\Nucleo_F411RE\stm32f411re_nucleo_lcd.o
 .rodata.BSP_LCD_DisplayStringAtLine.str1.1
                0x08011720       0x25 Drivers\BSP\Nucleo_F411RE\stm32f411re_nucleo_lcd.o
 .rodata.flagBitshiftOffset.7955
                0x08011745        0x8 Drivers\STM32F4xx_HAL_Driver\Src\stm32f4xx_hal_dma.o
 .rodata.HAL_UART_RxCpltCallback.str1.1
                0x0801174d        0x8 Src\interrupt_callback.o
                                  0xb (size before relaxing)
 .rodata.Auto_Clean.str1.1
                0x08011755       0x81 Src\main.o
 .rodata.Banner_Display.str1.1
                0x080117d6       0x3f Src\main.o
 .rodata.Count_Display.str1.1
                0x08011815       0x96 Src\main.o
 .rodata.Key_input.str1.1
                0x080118ab      0x15b Src\main.o
 .rodata.Result_Display.str1.1
                0x08011a06      0x216 Src\main.o
 .rodata.Result_Task.str1.1
                0x08011c1c      0x15a Src\main.o
 .rodata.Rst_Task.str1.1
                0x08011d76       0x40 Src\main.o
 .rodata.Start_Task.str1.1
                0x08011db6      0x125 Src\main.o
                                0x161 (size before relaxing)
 .rodata.Touch_Task.str1.1
                0x08011edb       0xbe Src\main.o
                                 0xc5 (size before relaxing)
 .rodata.main.str1.1
                0x08011f99      0x189 Src\main.o
 .rodata.str1.1
                0x08012122       0x17 Src\main.o
 .rodata.str1.1
                0x08012139      0x4ef Src\pinmap.o
                                0x86d (size before relaxing)
 .rodata.mcp23017_i2c_read.constprop.1.str1.1
                0x08012628       0x15 Src\sw_iic.o
 .rodata.mcp23017_i2c_write.str1.1
                0x0801263d       0x24 Src\sw_iic.o
 .rodata.mcp23017_init.str1.1
                0x08012661       0x27 Src\sw_iic.o
                                 0x34 (size before relaxing)
 .rodata.AHBPrescTable
                0x08012688       0x10 Src\system_stm32f4xx.o
                0x08012688                AHBPrescTable
 .rodata.APBPrescTable
                0x08012698        0x8 Src\system_stm32f4xx.o
                0x08012698                APBPrescTable
 .rodata._global_impure_ptr
                0x080126a0        0x4 c:/program files (x86)/atollic/truestudio for stm32 9.3.0/armtools/bin/../lib/gcc/arm-atollic-eabi/6.3.1/../../../../arm-atollic-eabi/lib/armv7e-m/fpu\libc_nano.a(lib_a-impure.o)
                0x080126a0                _global_impure_ptr
 .rodata._printf_float.str1.1
                0x080126a4       0x10 c:/program files (x86)/atollic/truestudio for stm32 9.3.0/armtools/bin/../lib/gcc/arm-atollic-eabi/6.3.1/../../../../arm-atollic-eabi/lib/armv7e-m/fpu\libc_nano.a(lib_a-nano-vfprintf_float.o)
                                 0x12 (size before relaxing)
 .rodata._printf_i.str1.1
                0x080126b4       0x22 c:/program files (x86)/atollic/truestudio for stm32 9.3.0/armtools/bin/../lib/gcc/arm-atollic-eabi/6.3.1/../../../../arm-atollic-eabi/lib/armv7e-m/fpu\libc_nano.a(lib_a-nano-vfprintf_i.o)
 .rodata._dtoa_r.str1.1
                0x080126d6        0xd c:/program files (x86)/atollic/truestudio for stm32 9.3.0/armtools/bin/../lib/gcc/arm-atollic-eabi/6.3.1/../../../../arm-atollic-eabi/lib/armv7e-m/fpu\libc_nano.a(lib_a-dtoa.o)
                                  0xf (size before relaxing)
 *fill*         0x080126e3        0x1 
 .rodata.__sf_fake_stderr
                0x080126e4       0x20 c:/program files (x86)/atollic/truestudio for stm32 9.3.0/armtools/bin/../lib/gcc/arm-atollic-eabi/6.3.1/../../../../arm-atollic-eabi/lib/armv7e-m/fpu\libc_nano.a(lib_a-findfp.o)
                0x080126e4                __sf_fake_stderr
 .rodata.__sf_fake_stdin
                0x08012704       0x20 c:/program files (x86)/atollic/truestudio for stm32 9.3.0/armtools/bin/../lib/gcc/arm-atollic-eabi/6.3.1/../../../../arm-atollic-eabi/lib/armv7e-m/fpu\libc_nano.a(lib_a-findfp.o)
                0x08012704                __sf_fake_stdin
 .rodata.__sf_fake_stdout
                0x08012724       0x20 c:/program files (x86)/atollic/truestudio for stm32 9.3.0/armtools/bin/../lib/gcc/arm-atollic-eabi/6.3.1/../../../../arm-atollic-eabi/lib/armv7e-m/fpu\libc_nano.a(lib_a-findfp.o)
                0x08012724                __sf_fake_stdout
 *fill*         0x08012744        0x4 
 .rodata.__mprec_bigtens
                0x08012748       0x28 c:/program files (x86)/atollic/truestudio for stm32 9.3.0/armtools/bin/../lib/gcc/arm-atollic-eabi/6.3.1/../../../../arm-atollic-eabi/lib/armv7e-m/fpu\libc_nano.a(lib_a-mprec.o)
                0x08012748                __mprec_bigtens
 .rodata.__mprec_tens
                0x08012770       0xc8 c:/program files (x86)/atollic/truestudio for stm32 9.3.0/armtools/bin/../lib/gcc/arm-atollic-eabi/6.3.1/../../../../arm-atollic-eabi/lib/armv7e-m/fpu\libc_nano.a(lib_a-mprec.o)
                0x08012770                __mprec_tens
 .rodata.p05.7175
                0x08012838        0xc c:/program files (x86)/atollic/truestudio for stm32 9.3.0/armtools/bin/../lib/gcc/arm-atollic-eabi/6.3.1/../../../../arm-atollic-eabi/lib/armv7e-m/fpu\libc_nano.a(lib_a-mprec.o)
 .rodata._svfprintf_r.str1.1
                0x08012844       0x11 c:/program files (x86)/atollic/truestudio for stm32 9.3.0/armtools/bin/../lib/gcc/arm-atollic-eabi/6.3.1/../../../../arm-atollic-eabi/lib/armv7e-m/fpu\libc_nano.a(lib_a-nano-svfprintf.o)
 .rodata._vfprintf_r.str1.1
                0x08012855       0x11 c:/program files (x86)/atollic/truestudio for stm32 9.3.0/armtools/bin/../lib/gcc/arm-atollic-eabi/6.3.1/../../../../arm-atollic-eabi/lib/armv7e-m/fpu\libc_nano.a(lib_a-nano-vfprintf.o)
 .rodata._setlocale_r.str1.1
                0x08012855        0x6 c:/program files (x86)/atollic/truestudio for stm32 9.3.0/armtools/bin/../lib/gcc/arm-atollic-eabi/6.3.1/../../../../arm-atollic-eabi/lib/armv7e-m/fpu\libc_nano.a(lib_a-locale.o)
                                  0x9 (size before relaxing)
 .rodata.str1.1
                0x0801285b        0x6 c:/program files (x86)/atollic/truestudio for stm32 9.3.0/armtools/bin/../lib/gcc/arm-atollic-eabi/6.3.1/../../../../arm-atollic-eabi/lib/armv7e-m/fpu\libc_nano.a(lib_a-locale.o)
                                  0x2 (size before relaxing)
 .rodata._ctype_
                0x0801285b      0x101 c:/program files (x86)/atollic/truestudio for stm32 9.3.0/armtools/bin/../lib/gcc/arm-atollic-eabi/6.3.1/../../../../arm-atollic-eabi/lib/armv7e-m/fpu\libc_nano.a(lib_a-ctype_.o)
                0x0801285b                _ctype_
                0x0801295c                . = ALIGN (0x4)

.ARM.extab
 *(.ARM.extab* .gnu.linkonce.armextab.*)

.ARM            0x0801295c        0x8
                0x0801295c                __exidx_start = .
 *(.ARM.exidx*)
 .ARM.exidx     0x0801295c        0x8 c:/program files (x86)/atollic/truestudio for stm32 9.3.0/armtools/bin/../lib/gcc/arm-atollic-eabi/6.3.1/armv7e-m/fpu\libgcc.a(_udivmoddi4.o)
                0x08012964                __exidx_end = .

.rel.dyn        0x08012964        0x0
 .rel.iplt      0x08012964        0x0 c:/program files (x86)/atollic/truestudio for stm32 9.3.0/armtools/bin/../lib/gcc/arm-atollic-eabi/6.3.1/armv7e-m/fpu/crtbegin.o

.preinit_array  0x08012964        0x0
                0x08012964                PROVIDE (__preinit_array_start, .)
 *(.preinit_array*)
                0x08012964                PROVIDE (__preinit_array_end, .)

.init_array     0x08012964        0x4
                0x08012964                PROVIDE (__init_array_start, .)
 *(SORT(.init_array.*))
 *(.init_array*)
 .init_array    0x08012964        0x4 c:/program files (x86)/atollic/truestudio for stm32 9.3.0/armtools/bin/../lib/gcc/arm-atollic-eabi/6.3.1/armv7e-m/fpu/crtbegin.o
                0x08012968                PROVIDE (__init_array_end, .)

.fini_array     0x08012968        0x4
                [!provide]                PROVIDE (__fini_array_start, .)
 *(SORT(.fini_array.*))
 *(.fini_array*)
 .fini_array    0x08012968        0x4 c:/program files (x86)/atollic/truestudio for stm32 9.3.0/armtools/bin/../lib/gcc/arm-atollic-eabi/6.3.1/armv7e-m/fpu/crtbegin.o
                [!provide]                PROVIDE (__fini_array_end, .)
                0x0801296c                _sidata = LOADADDR (.data)

.data           0x20000000     0x1780 load address 0x0801296c
                0x20000000                . = ALIGN (0x4)
                0x20000000                _sdata = .
 *(.data)
 *(.data*)
 .data.uart_tftlcd_drv
                0x20000000       0x38 Drivers\BSP\Components\uart_tftlcd\uart_tftlcd.o
                0x20000000                uart_tftlcd_drv
 .data.uart_touch_ts_drv
                0x20000038       0x28 Drivers\BSP\Components\uart_touch\uart_touch.o
                0x20000038                uart_touch_ts_drv
 .data.uwTickFreq
                0x20000060        0x1 Drivers\STM32F4xx_HAL_Driver\Src\stm32f4xx_hal.o
                0x20000060                uwTickFreq
 *fill*         0x20000061        0x3 
 .data.uwTickPrio
                0x20000064        0x4 Drivers\STM32F4xx_HAL_Driver\Src\stm32f4xx_hal.o
                0x20000064                uwTickPrio
 .data.In_ostate
                0x20000068        0x1 Src\main.o
                0x20000068                In_ostate
 .data.In_sstate
                0x20000069        0x1 Src\main.o
                0x20000069                In_sstate
 .data.Out_ostate
                0x2000006a        0x1 Src\main.o
                0x2000006a                Out_ostate
 .data.Out_sstate
                0x2000006b        0x1 Src\main.o
                0x2000006b                Out_sstate
 .data.g_fw_ver
                0x2000006c        0x4 Src\main.o
                0x2000006c                g_fw_ver
 .data.g_model_name
                0x20000070        0x4 Src\main.o
                0x20000070                g_model_name
 .data.IN_ELVDD_2P8
                0x20000074       0x20 Src\pinmap.o
                0x20000074                IN_ELVDD_2P8
 .data.IN_ELVSS_6P4
                0x20000094       0x20 Src\pinmap.o
                0x20000094                IN_ELVSS_6P4
 .data.IN_GND   0x200000b4       0x30 Src\pinmap.o
                0x200000b4                IN_GND
 .data.IN_INSERT
                0x200000e4       0x30 Src\pinmap.o
                0x200000e4                IN_INSERT
 .data.IN_MAIN1
                0x20000114       0x10 Src\pinmap.o
                0x20000114                IN_MAIN1
 .data.IN_MAIN10
                0x20000124       0x10 Src\pinmap.o
                0x20000124                IN_MAIN10
 .data.IN_MAIN11
                0x20000134        0x8 Src\pinmap.o
                0x20000134                IN_MAIN11
 .data.IN_MAIN12
                0x2000013c       0x10 Src\pinmap.o
                0x2000013c                IN_MAIN12
 .data.IN_MAIN13
                0x2000014c        0x8 Src\pinmap.o
                0x2000014c                IN_MAIN13
 .data.IN_MAIN14
                0x20000154       0x10 Src\pinmap.o
                0x20000154                IN_MAIN14
 .data.IN_MAIN15
                0x20000164        0x8 Src\pinmap.o
                0x20000164                IN_MAIN15
 .data.IN_MAIN16
                0x2000016c       0x10 Src\pinmap.o
                0x2000016c                IN_MAIN16
 .data.IN_MAIN17
                0x2000017c        0x8 Src\pinmap.o
                0x2000017c                IN_MAIN17
 .data.IN_MAIN18
                0x20000184       0x10 Src\pinmap.o
                0x20000184                IN_MAIN18
 .data.IN_MAIN19
                0x20000194       0x10 Src\pinmap.o
                0x20000194                IN_MAIN19
 .data.IN_MAIN2
                0x200001a4       0x10 Src\pinmap.o
                0x200001a4                IN_MAIN2
 .data.IN_MAIN20
                0x200001b4       0x10 Src\pinmap.o
                0x200001b4                IN_MAIN20
 .data.IN_MAIN21
                0x200001c4        0x8 Src\pinmap.o
                0x200001c4                IN_MAIN21
 .data.IN_MAIN22
                0x200001cc       0x10 Src\pinmap.o
                0x200001cc                IN_MAIN22
 .data.IN_MAIN23
                0x200001dc        0x8 Src\pinmap.o
                0x200001dc                IN_MAIN23
 .data.IN_MAIN24
                0x200001e4       0x10 Src\pinmap.o
                0x200001e4                IN_MAIN24
 .data.IN_MAIN25
                0x200001f4        0x8 Src\pinmap.o
                0x200001f4                IN_MAIN25
 .data.IN_MAIN26
                0x200001fc       0x10 Src\pinmap.o
                0x200001fc                IN_MAIN26
 .data.IN_MAIN27
                0x2000020c        0x8 Src\pinmap.o
                0x2000020c                IN_MAIN27
 .data.IN_MAIN28
                0x20000214       0x10 Src\pinmap.o
                0x20000214                IN_MAIN28
 .data.IN_MAIN29
                0x20000224       0x10 Src\pinmap.o
                0x20000224                IN_MAIN29
 .data.IN_MAIN3
                0x20000234        0x8 Src\pinmap.o
                0x20000234                IN_MAIN3
 .data.IN_MAIN30
                0x2000023c       0x10 Src\pinmap.o
                0x2000023c                IN_MAIN30
 .data.IN_MAIN31
                0x2000024c       0x10 Src\pinmap.o
                0x2000024c                IN_MAIN31
 .data.IN_MAIN32
                0x2000025c       0x10 Src\pinmap.o
                0x2000025c                IN_MAIN32
 .data.IN_MAIN33
                0x2000026c       0x10 Src\pinmap.o
                0x2000026c                IN_MAIN33
 .data.IN_MAIN34
                0x2000027c       0x10 Src\pinmap.o
                0x2000027c                IN_MAIN34
 .data.IN_MAIN35
                0x2000028c        0x8 Src\pinmap.o
                0x2000028c                IN_MAIN35
 .data.IN_MAIN36
                0x20000294       0x10 Src\pinmap.o
                0x20000294                IN_MAIN36
 .data.IN_MAIN37
                0x200002a4       0x10 Src\pinmap.o
                0x200002a4                IN_MAIN37
 .data.IN_MAIN38
                0x200002b4       0x10 Src\pinmap.o
                0x200002b4                IN_MAIN38
 .data.IN_MAIN39
                0x200002c4       0x10 Src\pinmap.o
                0x200002c4                IN_MAIN39
 .data.IN_MAIN4
                0x200002d4        0x8 Src\pinmap.o
                0x200002d4                IN_MAIN4
 .data.IN_MAIN40
                0x200002dc       0x10 Src\pinmap.o
                0x200002dc                IN_MAIN40
 .data.IN_MAIN41
                0x200002ec       0x10 Src\pinmap.o
                0x200002ec                IN_MAIN41
 .data.IN_MAIN42
                0x200002fc       0x10 Src\pinmap.o
                0x200002fc                IN_MAIN42
 .data.IN_MAIN43
                0x2000030c       0x10 Src\pinmap.o
                0x2000030c                IN_MAIN43
 .data.IN_MAIN44
                0x2000031c       0x10 Src\pinmap.o
                0x2000031c                IN_MAIN44
 .data.IN_MAIN45
                0x2000032c       0x10 Src\pinmap.o
                0x2000032c                IN_MAIN45
 .data.IN_MAIN46
                0x2000033c       0x10 Src\pinmap.o
                0x2000033c                IN_MAIN46
 .data.IN_MAIN47
                0x2000034c       0x10 Src\pinmap.o
                0x2000034c                IN_MAIN47
 .data.IN_MAIN48
                0x2000035c       0x10 Src\pinmap.o
                0x2000035c                IN_MAIN48
 .data.IN_MAIN49
                0x2000036c       0x10 Src\pinmap.o
                0x2000036c                IN_MAIN49
 .data.IN_MAIN5
                0x2000037c        0x8 Src\pinmap.o
                0x2000037c                IN_MAIN5
 .data.IN_MAIN50
                0x20000384       0x10 Src\pinmap.o
                0x20000384                IN_MAIN50
 .data.IN_MAIN51
                0x20000394       0x10 Src\pinmap.o
                0x20000394                IN_MAIN51
 .data.IN_MAIN52
                0x200003a4       0x10 Src\pinmap.o
                0x200003a4                IN_MAIN52
 .data.IN_MAIN53
                0x200003b4       0x10 Src\pinmap.o
                0x200003b4                IN_MAIN53
 .data.IN_MAIN54
                0x200003c4       0x10 Src\pinmap.o
                0x200003c4                IN_MAIN54
 .data.IN_MAIN55
                0x200003d4       0x10 Src\pinmap.o
                0x200003d4                IN_MAIN55
 .data.IN_MAIN56
                0x200003e4       0x10 Src\pinmap.o
                0x200003e4                IN_MAIN56
 .data.IN_MAIN57
                0x200003f4        0x8 Src\pinmap.o
                0x200003f4                IN_MAIN57
 .data.IN_MAIN58
                0x200003fc        0x8 Src\pinmap.o
                0x200003fc                IN_MAIN58
 .data.IN_MAIN59
                0x20000404       0x10 Src\pinmap.o
                0x20000404                IN_MAIN59
 .data.IN_MAIN6
                0x20000414        0x8 Src\pinmap.o
                0x20000414                IN_MAIN6
 .data.IN_MAIN60
                0x2000041c        0x8 Src\pinmap.o
                0x2000041c                IN_MAIN60
 .data.IN_MAIN61
                0x20000424        0x8 Src\pinmap.o
                0x20000424                IN_MAIN61
 .data.IN_MAIN62
                0x2000042c        0x8 Src\pinmap.o
                0x2000042c                IN_MAIN62
 .data.IN_MAIN7
                0x20000434        0x8 Src\pinmap.o
                0x20000434                IN_MAIN7
 .data.IN_MAIN8
                0x2000043c        0x8 Src\pinmap.o
                0x2000043c                IN_MAIN8
 .data.IN_MAIN9
                0x20000444        0x8 Src\pinmap.o
                0x20000444                IN_MAIN9
 .data.IN_SM_S928UB
                0x2000044c      0x600 Src\pinmap.o
                0x2000044c                IN_SM_S928UB
 .data.IN_SM_S928UB_INSERT
                0x20000a4c        0xc Src\pinmap.o
                0x20000a4c                IN_SM_S928UB_INSERT
 .data.IN_SUB11
                0x20000a58        0x8 Src\pinmap.o
                0x20000a58                IN_SUB11
 .data.IN_SUB13
                0x20000a60        0x8 Src\pinmap.o
                0x20000a60                IN_SUB13
 .data.IN_SUB15
                0x20000a68        0x8 Src\pinmap.o
                0x20000a68                IN_SUB15
 .data.IN_SUB17
                0x20000a70        0x8 Src\pinmap.o
                0x20000a70                IN_SUB17
 .data.IN_SUB21
                0x20000a78        0x8 Src\pinmap.o
                0x20000a78                IN_SUB21
 .data.IN_SUB23
                0x20000a80        0x8 Src\pinmap.o
                0x20000a80                IN_SUB23
 .data.IN_SUB25
                0x20000a88        0x8 Src\pinmap.o
                0x20000a88                IN_SUB25
 .data.IN_SUB27
                0x20000a90        0x8 Src\pinmap.o
                0x20000a90                IN_SUB27
 .data.IN_SUB3  0x20000a98        0x8 Src\pinmap.o
                0x20000a98                IN_SUB3
 .data.IN_SUB35
                0x20000aa0        0x8 Src\pinmap.o
                0x20000aa0                IN_SUB35
 .data.IN_SUB4  0x20000aa8        0x8 Src\pinmap.o
                0x20000aa8                IN_SUB4
 .data.IN_SUB5  0x20000ab0        0x8 Src\pinmap.o
                0x20000ab0                IN_SUB5
 .data.IN_SUB57
                0x20000ab8        0x8 Src\pinmap.o
                0x20000ab8                IN_SUB57
 .data.IN_SUB58
                0x20000ac0        0x8 Src\pinmap.o
                0x20000ac0                IN_SUB58
 .data.IN_SUB6  0x20000ac8        0x8 Src\pinmap.o
                0x20000ac8                IN_SUB6
 .data.IN_SUB60
                0x20000ad0        0x8 Src\pinmap.o
                0x20000ad0                IN_SUB60
 .data.IN_SUB61
                0x20000ad8        0x8 Src\pinmap.o
                0x20000ad8                IN_SUB61
 .data.IN_SUB62
                0x20000ae0        0x8 Src\pinmap.o
                0x20000ae0                IN_SUB62
 .data.IN_SUB7  0x20000ae8        0x8 Src\pinmap.o
                0x20000ae8                IN_SUB7
 .data.IN_SUB8  0x20000af0        0x8 Src\pinmap.o
                0x20000af0                IN_SUB8
 .data.IN_SUB9  0x20000af8        0x8 Src\pinmap.o
                0x20000af8                IN_SUB9
 .data.IN_VDD_DDR_1P4
                0x20000b00       0x10 Src\pinmap.o
                0x20000b00                IN_VDD_DDR_1P4
 .data.OUT_ELVDD_2P8
                0x20000b10       0x20 Src\pinmap.o
                0x20000b10                OUT_ELVDD_2P8
 .data.OUT_ELVSS_6P4
                0x20000b30       0x20 Src\pinmap.o
                0x20000b30                OUT_ELVSS_6P4
 .data.OUT_GND  0x20000b50       0x30 Src\pinmap.o
                0x20000b50                OUT_GND
 .data.OUT_INSERT
                0x20000b80       0x30 Src\pinmap.o
                0x20000b80                OUT_INSERT
 .data.OUT_MAIN1
                0x20000bb0       0x10 Src\pinmap.o
                0x20000bb0                OUT_MAIN1
 .data.OUT_MAIN10
                0x20000bc0       0x10 Src\pinmap.o
                0x20000bc0                OUT_MAIN10
 .data.OUT_MAIN11
                0x20000bd0        0x8 Src\pinmap.o
                0x20000bd0                OUT_MAIN11
 .data.OUT_MAIN12
                0x20000bd8       0x10 Src\pinmap.o
                0x20000bd8                OUT_MAIN12
 .data.OUT_MAIN13
                0x20000be8        0x8 Src\pinmap.o
                0x20000be8                OUT_MAIN13
 .data.OUT_MAIN14
                0x20000bf0       0x10 Src\pinmap.o
                0x20000bf0                OUT_MAIN14
 .data.OUT_MAIN15
                0x20000c00        0x8 Src\pinmap.o
                0x20000c00                OUT_MAIN15
 .data.OUT_MAIN16
                0x20000c08       0x10 Src\pinmap.o
                0x20000c08                OUT_MAIN16
 .data.OUT_MAIN17
                0x20000c18        0x8 Src\pinmap.o
                0x20000c18                OUT_MAIN17
 .data.OUT_MAIN18
                0x20000c20       0x10 Src\pinmap.o
                0x20000c20                OUT_MAIN18
 .data.OUT_MAIN19
                0x20000c30       0x10 Src\pinmap.o
                0x20000c30                OUT_MAIN19
 .data.OUT_MAIN2
                0x20000c40       0x10 Src\pinmap.o
                0x20000c40                OUT_MAIN2
 .data.OUT_MAIN20
                0x20000c50       0x10 Src\pinmap.o
                0x20000c50                OUT_MAIN20
 .data.OUT_MAIN21
                0x20000c60        0x8 Src\pinmap.o
                0x20000c60                OUT_MAIN21
 .data.OUT_MAIN22
                0x20000c68       0x10 Src\pinmap.o
                0x20000c68                OUT_MAIN22
 .data.OUT_MAIN23
                0x20000c78        0x8 Src\pinmap.o
                0x20000c78                OUT_MAIN23
 .data.OUT_MAIN24
                0x20000c80       0x10 Src\pinmap.o
                0x20000c80                OUT_MAIN24
 .data.OUT_MAIN25
                0x20000c90        0x8 Src\pinmap.o
                0x20000c90                OUT_MAIN25
 .data.OUT_MAIN26
                0x20000c98       0x10 Src\pinmap.o
                0x20000c98                OUT_MAIN26
 .data.OUT_MAIN27
                0x20000ca8        0x8 Src\pinmap.o
                0x20000ca8                OUT_MAIN27
 .data.OUT_MAIN28
                0x20000cb0       0x10 Src\pinmap.o
                0x20000cb0                OUT_MAIN28
 .data.OUT_MAIN29
                0x20000cc0       0x10 Src\pinmap.o
                0x20000cc0                OUT_MAIN29
 .data.OUT_MAIN3
                0x20000cd0        0x8 Src\pinmap.o
                0x20000cd0                OUT_MAIN3
 .data.OUT_MAIN30
                0x20000cd8       0x10 Src\pinmap.o
                0x20000cd8                OUT_MAIN30
 .data.OUT_MAIN31
                0x20000ce8       0x10 Src\pinmap.o
                0x20000ce8                OUT_MAIN31
 .data.OUT_MAIN32
                0x20000cf8       0x10 Src\pinmap.o
                0x20000cf8                OUT_MAIN32
 .data.OUT_MAIN33
                0x20000d08       0x10 Src\pinmap.o
                0x20000d08                OUT_MAIN33
 .data.OUT_MAIN34
                0x20000d18       0x10 Src\pinmap.o
                0x20000d18                OUT_MAIN34
 .data.OUT_MAIN35
                0x20000d28        0x8 Src\pinmap.o
                0x20000d28                OUT_MAIN35
 .data.OUT_MAIN36
                0x20000d30       0x10 Src\pinmap.o
                0x20000d30                OUT_MAIN36
 .data.OUT_MAIN37
                0x20000d40       0x10 Src\pinmap.o
                0x20000d40                OUT_MAIN37
 .data.OUT_MAIN38
                0x20000d50       0x10 Src\pinmap.o
                0x20000d50                OUT_MAIN38
 .data.OUT_MAIN39
                0x20000d60       0x10 Src\pinmap.o
                0x20000d60                OUT_MAIN39
 .data.OUT_MAIN4
                0x20000d70        0x8 Src\pinmap.o
                0x20000d70                OUT_MAIN4
 .data.OUT_MAIN40
                0x20000d78       0x10 Src\pinmap.o
                0x20000d78                OUT_MAIN40
 .data.OUT_MAIN41
                0x20000d88       0x10 Src\pinmap.o
                0x20000d88                OUT_MAIN41
 .data.OUT_MAIN42
                0x20000d98       0x10 Src\pinmap.o
                0x20000d98                OUT_MAIN42
 .data.OUT_MAIN43
                0x20000da8       0x10 Src\pinmap.o
                0x20000da8                OUT_MAIN43
 .data.OUT_MAIN44
                0x20000db8       0x10 Src\pinmap.o
                0x20000db8                OUT_MAIN44
 .data.OUT_MAIN45
                0x20000dc8       0x10 Src\pinmap.o
                0x20000dc8                OUT_MAIN45
 .data.OUT_MAIN46
                0x20000dd8       0x10 Src\pinmap.o
                0x20000dd8                OUT_MAIN46
 .data.OUT_MAIN47
                0x20000de8       0x10 Src\pinmap.o
                0x20000de8                OUT_MAIN47
 .data.OUT_MAIN48
                0x20000df8       0x10 Src\pinmap.o
                0x20000df8                OUT_MAIN48
 .data.OUT_MAIN49
                0x20000e08       0x10 Src\pinmap.o
                0x20000e08                OUT_MAIN49
 .data.OUT_MAIN5
                0x20000e18        0x8 Src\pinmap.o
                0x20000e18                OUT_MAIN5
 .data.OUT_MAIN50
                0x20000e20       0x10 Src\pinmap.o
                0x20000e20                OUT_MAIN50
 .data.OUT_MAIN51
                0x20000e30       0x10 Src\pinmap.o
                0x20000e30                OUT_MAIN51
 .data.OUT_MAIN52
                0x20000e40       0x10 Src\pinmap.o
                0x20000e40                OUT_MAIN52
 .data.OUT_MAIN53
                0x20000e50       0x10 Src\pinmap.o
                0x20000e50                OUT_MAIN53
 .data.OUT_MAIN54
                0x20000e60       0x10 Src\pinmap.o
                0x20000e60                OUT_MAIN54
 .data.OUT_MAIN55
                0x20000e70       0x10 Src\pinmap.o
                0x20000e70                OUT_MAIN55
 .data.OUT_MAIN56
                0x20000e80       0x10 Src\pinmap.o
                0x20000e80                OUT_MAIN56
 .data.OUT_MAIN57
                0x20000e90        0x8 Src\pinmap.o
                0x20000e90                OUT_MAIN57
 .data.OUT_MAIN58
                0x20000e98        0x8 Src\pinmap.o
                0x20000e98                OUT_MAIN58
 .data.OUT_MAIN59
                0x20000ea0       0x10 Src\pinmap.o
                0x20000ea0                OUT_MAIN59
 .data.OUT_MAIN6
                0x20000eb0        0x8 Src\pinmap.o
                0x20000eb0                OUT_MAIN6
 .data.OUT_MAIN60
                0x20000eb8        0x8 Src\pinmap.o
                0x20000eb8                OUT_MAIN60
 .data.OUT_MAIN61
                0x20000ec0        0x8 Src\pinmap.o
                0x20000ec0                OUT_MAIN61
 .data.OUT_MAIN62
                0x20000ec8        0x8 Src\pinmap.o
                0x20000ec8                OUT_MAIN62
 .data.OUT_MAIN7
                0x20000ed0        0x8 Src\pinmap.o
                0x20000ed0                OUT_MAIN7
 .data.OUT_MAIN8
                0x20000ed8        0x8 Src\pinmap.o
                0x20000ed8                OUT_MAIN8
 .data.OUT_MAIN9
                0x20000ee0        0x8 Src\pinmap.o
                0x20000ee0                OUT_MAIN9
 .data.OUT_SM_S928UB
                0x20000ee8      0x600 Src\pinmap.o
                0x20000ee8                OUT_SM_S928UB
 .data.OUT_SM_S928UB_INSERT
                0x200014e8        0xc Src\pinmap.o
                0x200014e8                OUT_SM_S928UB_INSERT
 .data.OUT_SUB11
                0x200014f4        0x8 Src\pinmap.o
                0x200014f4                OUT_SUB11
 .data.OUT_SUB13
                0x200014fc        0x8 Src\pinmap.o
                0x200014fc                OUT_SUB13
 .data.OUT_SUB15
                0x20001504        0x8 Src\pinmap.o
                0x20001504                OUT_SUB15
 .data.OUT_SUB17
                0x2000150c        0x8 Src\pinmap.o
                0x2000150c                OUT_SUB17
 .data.OUT_SUB21
                0x20001514        0x8 Src\pinmap.o
                0x20001514                OUT_SUB21
 .data.OUT_SUB23
                0x2000151c        0x8 Src\pinmap.o
                0x2000151c                OUT_SUB23
 .data.OUT_SUB25
                0x20001524        0x8 Src\pinmap.o
                0x20001524                OUT_SUB25
 .data.OUT_SUB27
                0x2000152c        0x8 Src\pinmap.o
                0x2000152c                OUT_SUB27
 .data.OUT_SUB3
                0x20001534        0x8 Src\pinmap.o
                0x20001534                OUT_SUB3
 .data.OUT_SUB35
                0x2000153c        0x8 Src\pinmap.o
                0x2000153c                OUT_SUB35
 .data.OUT_SUB4
                0x20001544        0x8 Src\pinmap.o
                0x20001544                OUT_SUB4
 .data.OUT_SUB5
                0x2000154c        0x8 Src\pinmap.o
                0x2000154c                OUT_SUB5
 .data.OUT_SUB57
                0x20001554        0x8 Src\pinmap.o
                0x20001554                OUT_SUB57
 .data.OUT_SUB58
                0x2000155c        0x8 Src\pinmap.o
                0x2000155c                OUT_SUB58
 .data.OUT_SUB6
                0x20001564        0x8 Src\pinmap.o
                0x20001564                OUT_SUB6
 .data.OUT_SUB60
                0x2000156c        0x8 Src\pinmap.o
                0x2000156c                OUT_SUB60
 .data.OUT_SUB61
                0x20001574        0x8 Src\pinmap.o
                0x20001574                OUT_SUB61
 .data.OUT_SUB62
                0x2000157c        0x8 Src\pinmap.o
                0x2000157c                OUT_SUB62
 .data.OUT_SUB7
                0x20001584        0x8 Src\pinmap.o
                0x20001584                OUT_SUB7
 .data.OUT_SUB8
                0x2000158c        0x8 Src\pinmap.o
                0x2000158c                OUT_SUB8
 .data.OUT_SUB9
                0x20001594        0x8 Src\pinmap.o
                0x20001594                OUT_SUB9
 .data.OUT_VDD_DDR_1P4
                0x2000159c       0x10 Src\pinmap.o
                0x2000159c                OUT_VDD_DDR_1P4
 .data.SystemCoreClock
                0x200015ac        0x4 Src\system_stm32f4xx.o
                0x200015ac                SystemCoreClock
 .data._impure_ptr
                0x200015b0        0x4 c:/program files (x86)/atollic/truestudio for stm32 9.3.0/armtools/bin/../lib/gcc/arm-atollic-eabi/6.3.1/../../../../arm-atollic-eabi/lib/armv7e-m/fpu\libc_nano.a(lib_a-impure.o)
                0x200015b0                _impure_ptr
 .data.impure_data
                0x200015b4       0x60 c:/program files (x86)/atollic/truestudio for stm32 9.3.0/armtools/bin/../lib/gcc/arm-atollic-eabi/6.3.1/../../../../arm-atollic-eabi/lib/armv7e-m/fpu\libc_nano.a(lib_a-impure.o)
 .data.__global_locale
                0x20001614      0x16c c:/program files (x86)/atollic/truestudio for stm32 9.3.0/armtools/bin/../lib/gcc/arm-atollic-eabi/6.3.1/../../../../arm-atollic-eabi/lib/armv7e-m/fpu\libc_nano.a(lib_a-locale.o)
                0x20001614                __global_locale
                0x20001780                . = ALIGN (0x4)
                0x20001780                _edata = .

.igot.plt       0x20001780        0x0 load address 0x080140ec
 .igot.plt      0x20001780        0x0 c:/program files (x86)/atollic/truestudio for stm32 9.3.0/armtools/bin/../lib/gcc/arm-atollic-eabi/6.3.1/armv7e-m/fpu/crtbegin.o
                0x20001780                . = ALIGN (0x4)

.bss            0x20001780     0x58a4 load address 0x080140ec
                0x20001780                _sbss = .
                0x20001780                __bss_start__ = _sbss
 *(.bss)
 .bss           0x20001780       0x1c c:/program files (x86)/atollic/truestudio for stm32 9.3.0/armtools/bin/../lib/gcc/arm-atollic-eabi/6.3.1/armv7e-m/fpu/crtbegin.o
 *(.bss*)
 .bss.ActiveLayer
                0x2000179c        0x4 Drivers\BSP\Nucleo_F411RE\stm32f411re_nucleo_lcd.o
                0x2000179c                ActiveLayer
 .bss.ts_driver
                0x200017a0        0x4 Drivers\BSP\Nucleo_F411RE\stm32f411re_nucleo_tc.o
 .bss.Debug_Flag
                0x200017a4        0x1 Src\main.o
                0x200017a4                Debug_Flag
 .bss.Push_Flag
                0x200017a5        0x1 Src\main.o
                0x200017a5                Push_Flag
 .bss.Result_Flag
                0x200017a6        0x1 Src\main.o
                0x200017a6                Result_Flag
 .bss.Rst_Flag  0x200017a7        0x1 Src\main.o
                0x200017a7                Rst_Flag
 .bss.Start_Flag
                0x200017a8        0x1 Src\main.o
                0x200017a8                Start_Flag
 .bss.Test_Result_Flag
                0x200017a9        0x1 Src\main.o
                0x200017a9                Test_Result_Flag
 .bss.Vaccum_Push
                0x200017aa        0x1 Src\main.o
                0x200017aa                Vaccum_Push
 .bss.count1    0x200017ab        0x1 Src\main.o
                0x200017ab                count1
 .bss.count2    0x200017ac        0x1 Src\main.o
                0x200017ac                count2
 .bss.count3    0x200017ad        0x1 Src\main.o
                0x200017ad                count3
 *fill*         0x200017ae        0x2 
 .bss.g_error   0x200017b0        0x4 Src\main.o
                0x200017b0                g_error
 .bss.g_key_on  0x200017b4        0x4 Src\main.o
                0x200017b4                g_key_on
 .bss.g_lock_on
                0x200017b8        0x4 Src\main.o
                0x200017b8                g_lock_on
 .bss.g_mark    0x200017bc        0x4 Src\main.o
                0x200017bc                g_mark
 .bss.g_mode    0x200017c0        0x4 Src\main.o
                0x200017c0                g_mode
 .bss.g_rbuf    0x200017c4        0x4 Src\main.o
                0x200017c4                g_rbuf
 .bss.g_test    0x200017c8        0x4 Src\main.o
                0x200017c8                g_test
 .bss.g_tick_timer1
                0x200017cc        0x4 Src\main.o
                0x200017cc                g_tick_timer1
 .bss.g_tick_timer2
                0x200017d0        0x4 Src\main.o
                0x200017d0                g_tick_timer2
 .bss.g_type    0x200017d4        0x4 Src\main.o
                0x200017d4                g_type
 .bss.lock_count.9668
                0x200017d8        0x4 Src\main.o
 .bss.mode_state
                0x200017dc        0x1 Src\main.o
                0x200017dc                mode_state
 .bss.ok_count  0x200017dd        0x1 Src\main.o
                0x200017dd                ok_count
 .bss.open_count
                0x200017de        0x1 Src\main.o
                0x200017de                open_count
 .bss.page3_state
                0x200017df        0x1 Src\main.o
                0x200017df                page3_state
 .bss.page4_state
                0x200017e0        0x1 Src\main.o
                0x200017e0                page4_state
 .bss.short_count
                0x200017e1        0x1 Src\main.o
                0x200017e1                short_count
 *fill*         0x200017e2        0x2 
 .bss.temp      0x200017e4        0x4 Src\main.o
                0x200017e4                temp
 .bss.tft_state
                0x200017e8        0x1 Src\main.o
                0x200017e8                tft_state
 .bss.touch_state
                0x200017e9        0x1 Src\main.o
                0x200017e9                touch_state
 *fill*         0x200017ea        0x2 
 .bss.heap_end.7010
                0x200017ec        0x4 Src\syscalls.o
 .bss.__malloc_free_list
                0x200017f0        0x4 c:/program files (x86)/atollic/truestudio for stm32 9.3.0/armtools/bin/../lib/gcc/arm-atollic-eabi/6.3.1/../../../../arm-atollic-eabi/lib/armv7e-m/fpu\libc_nano.a(lib_a-nano-mallocr.o)
                0x200017f0                __malloc_free_list
 .bss.__malloc_sbrk_start