main.c:1843:14:OS_Function	32	static
main.c:1759:14:R_Function	56	static
main.c:1895:13:Fet_spec.part.0	8	static
main.c:1895:13:Fet_spec	8	static
main.c:350:6:SystemClock_Config	96	static
main.c:628:5:_write	24	static
main.c:651:6:Debug_serial	8	static
main.c:660:6:TFT_Serial	24	static
main.c:676:6:Beep	24	static
main.c:687:6:Result_Display	16	static
main.c:742:6:system_information	24	static
main.c:824:6:Banner_Display	8	static
main.c:842:6:Count_Display	40	static
main.c:892:6:Touch_Task	16	static
main.c:1175:6:Mode_Task	16	static
main.c:1222:6:Create_DFF_In	24	static
main.c:1245:6:Create_DFF_OUT	24	static
main.c:1268:6:DFF_Init_In	24	static
main.c:1287:6:DFF_Init_OUT	24	static
main.c:1306:6:Vaccum_Push_Set	16	static
main.c:1924:6:Start_Task	80	static
main.c:2769:6:Rst_Task	8	static
main.c:2823:6:Open_Test	48	static
main.c:2904:6:_delay_ms	16	static
main.c:1337:6:Auto_Clean	16	static
main.c:1385:6:Key_input	24	static
main.c:2439:6:Result_Task	48	static
main.c:137:5:main	56	static
main.c:2918:6:Short_Test	56	static
main.c:3001:6:Test_mode_Result	40	static
main.c:3105:6:Error_Stop	16	static
main.c:3161:6:Error_Handler	0	static
