sw_iic.c:32:13:iic_delay_us	0	static
sw_iic.c:42:6:SDA_OutMode	0	static
sw_iic.c:50:6:SCL_OutMode	0	static
sw_iic.c:58:6:SDA_InMode	0	static
sw_iic.c:66:6:SCL_InMode	0	static
sw_iic.c:79:13:GPIO_I2CStart	8	static
sw_iic.c:164:13:GPIO_I2CWriteByte	16	static
sw_iic.c:111:16:GPIO_I2CIsAck	8	static
sw_iic.c:92:13:GPIO_I2CStop	8	static
sw_iic.c:209:16:mcp23017_i2c_write	24	static
sw_iic.c:185:13:GPIO_I2CReadByte	24	static
sw_iic.c:134:13:GPIO_I2COutNoAck	8	static
sw_iic.c:149:13:GPIO_I2COutAck	8	static
sw_iic.c:260:16:mcp23017_i2c_read.constprop	32	static
sw_iic.c:534:13:Set_Bit	24	static
sw_iic.c:547:13:Clear_Bit	24	static
sw_iic.c:329:5:mcp23017_init	40	static
sw_iic.c:369:5:eep_256_burst_write	24	static
sw_iic.c:445:5:eep_256_burst_read	40	static
sw_iic.c:561:6:DFF_Data	0	static
sw_iic.c:567:6:DFF1	8	static
sw_iic.c:568:6:DFF2	8	static
sw_iic.c:569:6:DFF3	8	static
sw_iic.c:570:6:DFF4	8	static
sw_iic.c:571:6:DFF5	8	static
sw_iic.c:572:6:DFF6	8	static
sw_iic.c:573:6:DFF7	8	static
sw_iic.c:574:6:DFF8	8	static
sw_iic.c:575:6:DFF9	8	static
sw_iic.c:576:6:DFF10	8	static
sw_iic.c:577:6:DFF11	8	static
sw_iic.c:578:6:DFF12	8	static
sw_iic.c:579:6:DFF13	8	static
sw_iic.c:580:6:DFF14	8	static
sw_iic.c:581:6:DFF15	8	static
sw_iic.c:582:6:DFF16	8	static
sw_iic.c:583:6:DFF17	8	static
sw_iic.c:584:6:DFF18	8	static
sw_iic.c:585:6:DFF19	8	static
sw_iic.c:586:6:DFF20	8	static
sw_iic.c:589:6:DFF21	8	static
sw_iic.c:590:6:DFF22	8	static
sw_iic.c:591:6:DFF23	8	static
sw_iic.c:592:6:DFF24	8	static
sw_iic.c:593:6:DFF25	8	static
sw_iic.c:594:6:DFF26	8	static
sw_iic.c:595:6:DFF27	8	static
sw_iic.c:596:6:DFF28	8	static
sw_iic.c:597:6:DFF29	8	static
sw_iic.c:598:6:DFF30	8	static
sw_iic.c:599:6:DFF31	8	static
sw_iic.c:600:6:DFF32	8	static
sw_iic.c:601:6:DFF33	8	static
sw_iic.c:602:6:DFF34	8	static
sw_iic.c:603:6:DFF35	8	static
sw_iic.c:604:6:DFF36	8	static
sw_iic.c:605:6:DFF37	8	static
sw_iic.c:606:6:DFF38	8	static
sw_iic.c:607:6:DFF39	8	static
sw_iic.c:608:6:DFF40	8	static
sw_iic.c:610:6:DFF_GND_Init	8	static
sw_iic.c:663:6:DFF_Floating_Init	8	static
